Archive member included to satisfy reference by file (symbol)

c:/st/stm32cubeide_1.3.0/stm32cubeide/plugins/com.st.stm32cube.ide.mcu.externaltools.gnu-tools-for-stm32.7-2018-q2-update.win32_1.0.0.201904181610/tools/bin/../lib/gcc/arm-none-eabi/7.3.1/../../../../arm-none-eabi/lib/thumb/v7e-m/fpv4-sp/hard\libc.a(lib_a-errno.o)
                              Src/syscalls.o (__errno)
c:/st/stm32cubeide_1.3.0/stm32cubeide/plugins/com.st.stm32cube.ide.mcu.externaltools.gnu-tools-for-stm32.7-2018-q2-update.win32_1.0.0.201904181610/tools/bin/../lib/gcc/arm-none-eabi/7.3.1/../../../../arm-none-eabi/lib/thumb/v7e-m/fpv4-sp/hard\libc.a(lib_a-exit.o)
                              c:/st/stm32cubeide_1.3.0/stm32cubeide/plugins/com.st.stm32cube.ide.mcu.externaltools.gnu-tools-for-stm32.7-2018-q2-update.win32_1.0.0.201904181610/tools/bin/../lib/gcc/arm-none-eabi/7.3.1/../../../../arm-none-eabi/lib/thumb/v7e-m/fpv4-sp/hard/crt0.o (exit)
c:/st/stm32cubeide_1.3.0/stm32cubeide/plugins/com.st.stm32cube.ide.mcu.externaltools.gnu-tools-for-stm32.7-2018-q2-update.win32_1.0.0.201904181610/tools/bin/../lib/gcc/arm-none-eabi/7.3.1/../../../../arm-none-eabi/lib/thumb/v7e-m/fpv4-sp/hard\libc.a(lib_a-impure.o)
                              c:/st/stm32cubeide_1.3.0/stm32cubeide/plugins/com.st.stm32cube.ide.mcu.externaltools.gnu-tools-for-stm32.7-2018-q2-update.win32_1.0.0.201904181610/tools/bin/../lib/gcc/arm-none-eabi/7.3.1/../../../../arm-none-eabi/lib/thumb/v7e-m/fpv4-sp/hard\libc.a(lib_a-exit.o) (_global_impure_ptr)
c:/st/stm32cubeide_1.3.0/stm32cubeide/plugins/com.st.stm32cube.ide.mcu.externaltools.gnu-tools-for-stm32.7-2018-q2-update.win32_1.0.0.201904181610/tools/bin/../lib/gcc/arm-none-eabi/7.3.1/../../../../arm-none-eabi/lib/thumb/v7e-m/fpv4-sp/hard\libc.a(lib_a-init.o)
                              c:/st/stm32cubeide_1.3.0/stm32cubeide/plugins/com.st.stm32cube.ide.mcu.externaltools.gnu-tools-for-stm32.7-2018-q2-update.win32_1.0.0.201904181610/tools/bin/../lib/gcc/arm-none-eabi/7.3.1/../../../../arm-none-eabi/lib/thumb/v7e-m/fpv4-sp/hard/crt0.o (__libc_init_array)
c:/st/stm32cubeide_1.3.0/stm32cubeide/plugins/com.st.stm32cube.ide.mcu.externaltools.gnu-tools-for-stm32.7-2018-q2-update.win32_1.0.0.201904181610/tools/bin/../lib/gcc/arm-none-eabi/7.3.1/../../../../arm-none-eabi/lib/thumb/v7e-m/fpv4-sp/hard\libc.a(lib_a-memset.o)
                              c:/st/stm32cubeide_1.3.0/stm32cubeide/plugins/com.st.stm32cube.ide.mcu.externaltools.gnu-tools-for-stm32.7-2018-q2-update.win32_1.0.0.201904181610/tools/bin/../lib/gcc/arm-none-eabi/7.3.1/../../../../arm-none-eabi/lib/thumb/v7e-m/fpv4-sp/hard/crt0.o (memset)
c:/st/stm32cubeide_1.3.0/stm32cubeide/plugins/com.st.stm32cube.ide.mcu.externaltools.gnu-tools-for-stm32.7-2018-q2-update.win32_1.0.0.201904181610/tools/bin/../lib/gcc/arm-none-eabi/7.3.1/../../../../arm-none-eabi/lib/thumb/v7e-m/fpv4-sp/hard\libc.a(lib_a-strlen.o)
                              Src/platform/stdio.o (strlen)
c:/st/stm32cubeide_1.3.0/stm32cubeide/plugins/com.st.stm32cube.ide.mcu.externaltools.gnu-tools-for-stm32.7-2018-q2-update.win32_1.0.0.201904181610/tools/bin/../lib/gcc/arm-none-eabi/7.3.1/../../../../arm-none-eabi/lib/thumb/v7e-m/fpv4-sp/hard\libc.a(lib_a-__call_atexit.o)
                              c:/st/stm32cubeide_1.3.0/stm32cubeide/plugins/com.st.stm32cube.ide.mcu.externaltools.gnu-tools-for-stm32.7-2018-q2-update.win32_1.0.0.201904181610/tools/bin/../lib/gcc/arm-none-eabi/7.3.1/../../../../arm-none-eabi/lib/thumb/v7e-m/fpv4-sp/hard\libc.a(lib_a-exit.o) (__call_exitprocs)
c:/st/stm32cubeide_1.3.0/stm32cubeide/plugins/com.st.stm32cube.ide.mcu.externaltools.gnu-tools-for-stm32.7-2018-q2-update.win32_1.0.0.201904181610/tools/bin/../lib/gcc/arm-none-eabi/7.3.1/../../../../arm-none-eabi/lib/thumb/v7e-m/fpv4-sp/hard\libc.a(lib_a-atexit.o)
                              c:/st/stm32cubeide_1.3.0/stm32cubeide/plugins/com.st.stm32cube.ide.mcu.externaltools.gnu-tools-for-stm32.7-2018-q2-update.win32_1.0.0.201904181610/tools/bin/../lib/gcc/arm-none-eabi/7.3.1/../../../../arm-none-eabi/lib/thumb/v7e-m/fpv4-sp/hard\libc.a(lib_a-__call_atexit.o) (atexit)
c:/st/stm32cubeide_1.3.0/stm32cubeide/plugins/com.st.stm32cube.ide.mcu.externaltools.gnu-tools-for-stm32.7-2018-q2-update.win32_1.0.0.201904181610/tools/bin/../lib/gcc/arm-none-eabi/7.3.1/../../../../arm-none-eabi/lib/thumb/v7e-m/fpv4-sp/hard\libc.a(lib_a-fini.o)
                              c:/st/stm32cubeide_1.3.0/stm32cubeide/plugins/com.st.stm32cube.ide.mcu.externaltools.gnu-tools-for-stm32.7-2018-q2-update.win32_1.0.0.201904181610/tools/bin/../lib/gcc/arm-none-eabi/7.3.1/../../../../arm-none-eabi/lib/thumb/v7e-m/fpv4-sp/hard\libc.a(lib_a-__call_atexit.o) (__libc_fini_array)
c:/st/stm32cubeide_1.3.0/stm32cubeide/plugins/com.st.stm32cube.ide.mcu.externaltools.gnu-tools-for-stm32.7-2018-q2-update.win32_1.0.0.201904181610/tools/bin/../lib/gcc/arm-none-eabi/7.3.1/../../../../arm-none-eabi/lib/thumb/v7e-m/fpv4-sp/hard\libc.a(lib_a-lock.o)
[...]
Memory Configuration

Name             Origin             Length             Attributes
RAM              0x0000000020000000 0x0000000000030000 xrw
CCMRAM           0x0000000010000000 0x0000000000010000 rw
FLASH            0x0000000008000000 0x0000000000200000 xr
*default*        0x0000000000000000 0xffffffffffffffff

Linker script and memory map

LOAD c:/st/stm32cubeide_1.3.0/stm32cubeide/plugins/com.st.stm32cube.ide.mcu.externaltools.gnu-tools-for-stm32.7-2018-q2-update.win32_1.0.0.201904181610/tools/bin/../lib/gcc/arm-none-eabi/7.3.1/thumb/v7e-m/fpv4-sp/hard/crti.o
LOAD c:/st/stm32cubeide_1.3.0/stm32cubeide/plugins/com.st.stm32cube.ide.mcu.externaltools.gnu-tools-for-stm32.7-2018-q2-update.win32_1.0.0.201904181610/tools/bin/../lib/gcc/arm-none-eabi/7.3.1/thumb/v7e-m/fpv4-sp/hard/crtbegin.o
LOAD c:/st/stm32cubeide_1.3.0/stm32cubeide/plugins/com.st.stm32cube.ide.mcu.externaltools.gnu-tools-for-stm32.7-2018-q2-update.win32_1.0.0.201904181610/tools/bin/../lib/gcc/arm-none-eabi/7.3.1/../../../../arm-none-eabi/lib/thumb/v7e-m/fpv4-sp/hard/crt0.o
LOAD Drivers/STM32F4xx_HAL_Driver/Src/stm32f4xx_hal.o
LOAD Drivers/STM32F4xx_HAL_Driver/Src/stm32f4xx_hal_cortex.o
LOAD Drivers/STM32F4xx_HAL_Driver/Src/stm32f4xx_hal_dma.o
LOAD Drivers/STM32F4xx_HAL_Driver/Src/stm32f4xx_hal_dma_ex.o
LOAD Drivers/STM32F4xx_HAL_Driver/Src/stm32f4xx_hal_exti.o
LOAD Drivers/STM32F4xx_HAL_Driver/Src/stm32f4xx_hal_flash.o
LOAD Drivers/STM32F4xx_HAL_Driver/Src/stm32f4xx_hal_flash_ex.o
LOAD Drivers/STM32F4xx_HAL_Driver/Src/stm32f4xx_hal_flash_ramfunc.o
LOAD Drivers/STM32F4xx_HAL_Driver/Src/stm32f4xx_hal_gpio.o
LOAD Drivers/STM32F4xx_HAL_Driver/Src/stm32f4xx_hal_pwr.o
LOAD Drivers/STM32F4xx_HAL_Driver/Src/stm32f4xx_hal_pwr_ex.o
LOAD Drivers/STM32F4xx_HAL_Driver/Src/stm32f4xx_hal_rcc.o
LOAD Drivers/STM32F4xx_HAL_Driver/Src/stm32f4xx_hal_rcc_ex.o
LOAD Drivers/STM32F4xx_HAL_Driver/Src/stm32f4xx_hal_spi.o
LOAD Drivers/STM32F4xx_HAL_Driver/Src/stm32f4xx_hal_tim.o
LOAD Drivers/STM32F4xx_HAL_Driver/Src/stm32f4xx_hal_tim_ex.o
LOAD Drivers/STM32F4xx_HAL_Driver/Src/stm32f4xx_hal_uart.o
LOAD Src/decadriver/deca_device.o
LOAD Src/decadriver/deca_params_init.o
LOAD Src/examples/ex_01a_simple_tx/ex_01a_main.o
LOAD Src/examples/ex_01b_tx_sleep/ex_01b_main.o
LOAD Src/examples/ex_01c_tx_sleep_auto/ex_01c_main.o
LOAD Src/examples/ex_01d_tx_timed_sleep/ex_01d_main.o
LOAD Src/examples/ex_01e_tx_with_cca/ex_01e_tx_with_cca.o
LOAD Src/examples/ex_02a_simple_rx/ex_02a_main.o
LOAD Src/examples/ex_02b_rx_preamble_64/ex_02b_main.o
LOAD Src/examples/ex_02c_rx_diagnostics/ex_02c_main.o
LOAD Src/examples/ex_02d_rx_sniff/ex_02d_main.o
LOAD Src/examples/ex_02e_rx_dbl_buff/ex_02e_main.o
LOAD Src/examples/ex_02f_rx_with_crystal_trim/ex_02f_rx_with_xtal_trim.o
LOAD Src/examples/ex_03a_tx_wait_resp/ex_03a_main.o
LOAD Src/examples/ex_03b_rx_send_resp/ex_03b_main.o
LOAD Src/examples/ex_03c_tx_wait_resp_leds/ex_03c_main.o
LOAD Src/examples/ex_03d_tx_wait_resp_interrupts/ex_03d_main.o
LOAD Src/examples/ex_04a_cont_wave/ex_04a_main.o
LOAD Src/examples/ex_04b_cont_frame/ex_04b_main.o
LOAD Src/examples/ex_05a_ds_twr_init/ex_05a_main.o
LOAD Src/examples/ex_05b_ds_twr_resp/ex_05b_main.o
LOAD Src/examples/ex_06a_ss_twr_init/ex_06a_main.o
LOAD Src/examples/ex_06b_ss_twr_resp/ex_06b_main.o
LOAD Src/examples/ex_07a_ack_data_tx/ex_07a_main.o
LOAD Src/examples/ex_07b_ack_data_rx/ex_07b_main.o
LOAD Src/examples/ex_09a_bandwidth_power_ref_meas/ex_09a_main.o
LOAD Src/examples/ex_09b_bandwidth_power_comp/ex_09b_main.o
LOAD Src/examples/ex_10a_gpio/ex_10a_main.o
LOAD Src/main.o
LOAD Src/stm32f4xx_hal_msp.o
LOAD Src/stm32f4xx_hal_timebase_tim.o
LOAD Src/stm32f4xx_it.o
LOAD Src/syscalls.o
LOAD Src/system_stm32f4xx.o
LOAD Src/platform/deca_mutex.o
LOAD Src/platform/deca_range_tables.o
LOAD Src/platform/deca_sleep.o
LOAD Src/platform/deca_spi.o
LOAD Src/platform/port.o
LOAD Src/platform/stdio.o
LOAD startup/startup_stm32f429xx.o
START GROUP
LOAD c:/st/stm32cubeide_1.3.0/stm32cubeide/plugins/com.st.stm32cube.ide.mcu.externaltools.gnu-tools-for-stm32.7-2018-q2-update.win32_1.0.0.201904181610/tools/bin/../lib/gcc/arm-none-eabi/7.3.1/../../../../arm-none-eabi/lib/thumb/v7e-m/fpv4-sp/hard\libc.a
LOAD c:/st/stm32cubeide_1.3.0/stm32cubeide/plugins/com.st.stm32cube.ide.mcu.externaltools.gnu-tools-for-stm32.7-2018-q2-update.win32_1.0.0.201904181610/tools/bin/../lib/gcc/arm-none-eabi/7.3.1/../../../../arm-none-eabi/lib/thumb/v7e-m/fpv4-sp/hard\libm.a
END GROUP
START GROUP
LOAD c:/st/stm32cubeide_1.3.0/stm32cubeide/plugins/com.st.stm32cube.ide.mcu.externaltools.gnu-tools-for-stm32.7-2018-q2-update.win32_1.0.0.201904181610/tools/bin/../lib/gcc/arm-none-eabi/7.3.1/thumb/v7e-m/fpv4-sp/hard\libgcc.a
LOAD c:/st/stm32cubeide_1.3.0/stm32cubeide/plugins/com.st.stm32cube.ide.mcu.externaltools.gnu-tools-for-stm32.7-2018-q2-update.win32_1.0.0.201904181610/tools/bin/../lib/gcc/arm-none-eabi/7.3.1/../../../../arm-none-eabi/lib/thumb/v7e-m/fpv4-sp/hard\libc.a
END GROUP
START GROUP
LOAD c:/st/stm32cubeide_1.3.0/stm32cubeide/plugins/com.st.stm32cube.ide.mcu.externaltools.gnu-tools-for-stm32.7-2018-q2-update.win32_1.0.0.201904181610/tools/bin/../lib/gcc/arm-none-eabi/7.3.1/thumb/v7e-m/fpv4-sp/hard\libgcc.a
LOAD c:/st/stm32cubeide_1.3.0/stm32cubeide/plugins/com.st.stm32cube.ide.mcu.externaltools.gnu-tools-for-stm32.7-2018-q2-update.win32_1.0.0.201904181610/tools/bin/../lib/gcc/arm-none-eabi/7.3.1/../../../../arm-none-eabi/lib/thumb/v7e-m/fpv4-sp/hard\libc.a
LOAD c:/st/stm32cubeide_1.3.0/stm32cubeide/plugins/com.st.stm32cube.ide.mcu.externaltools.gnu-tools-for-stm32.7-2018-q2-update.win32_1.0.0.201904181610/tools/bin/../lib/gcc/arm-none-eabi/7.3.1/../../../../arm-none-eabi/lib/thumb/v7e-m/fpv4-sp/hard\libnosys.a
END GROUP
LOAD c:/st/stm32cubeide_1.3.0/stm32cubeide/plugins/com.st.stm32cube.ide.mcu.externaltools.gnu-tools-for-stm32.7-2018-q2-update.win32_1.0.0.201904181610/tools/bin/../lib/gcc/arm-none-eabi/7.3.1/thumb/v7e-m/fpv4-sp/hard/crtend.o
LOAD c:/st/stm32cubeide_1.3.0/stm32cubeide/plugins/com.st.stm32cube.ide.mcu.externaltools.gnu-tools-for-stm32.7-2018-q2-update.win32_1.0.0.201904181610/tools/bin/../lib/gcc/arm-none-eabi/7.3.1/thumb/v7e-m/fpv4-sp/hard/crtn.o
                0x0000000020030000                _estack = 0x20030000
                0x0000000000000200                _Min_Heap_Size = 0x200
                0x0000000000000400                _Min_Stack_Size = 0x400

.isr_vector     0x0000000008000000      0x1ac
                0x0000000008000000                . = ALIGN (0x4)
 *(.isr_vector)
 .isr_vector    0x0000000008000000      0x1ac startup/startup_stm32f429xx.o
                0x0000000008000000                g_pfnVectors
                0x00000000080001ac                . = ALIGN (0x4)

.text           0x00000000080001ac     0x3494
                0x00000000080001ac                . = ALIGN (0x4)
 *(.text)
 .text          0x00000000080001ac       0x40 c:/st/stm32cubeide_1.3.0/stm32cubeide/plugins/com.st.stm32cube.ide.mcu.externaltools.gnu-tools-for-stm32.7-2018-q2-update.win32_1.0.0.201904181610/tools/bin/../lib/gcc/arm-none-eabi/7.3.1/thumb/v7e-m/fpv4-sp/hard/crtbegin.o
 .text          0x00000000080001ec       0x10 c:/st/stm32cubeide_1.3.0/stm32cubeide/plugins/com.st.stm32cube.ide.mcu.externaltools.gnu-tools-for-stm32.7-2018-q2-update.win32_1.0.0.201904181610/tools/bin/../lib/gcc/arm-none-eabi/7.3.1/../../../../arm-none-eabi/lib/thumb/v7e-m/fpv4-sp/hard\libc.a(lib_a-strlen.o)
                0x00000000080001ec                strlen
 .text          0x00000000080001fc       0x30 c:/st/stm32cubeide_1.3.0/stm32cubeide/plugins/com.st.stm32cube.ide.mcu.externaltools.gnu-tools-for-stm32.7-2018-q2-update.win32_1.0.0.201904181610/tools/bin/../lib/gcc/arm-none-eabi/7.3.1/thumb/v7e-m/fpv4-sp/hard\libgcc.a(_aeabi_uldivmod.o)
                0x00000000080001fc                __aeabi_uldivmod
 .text          0x000000000800022c      0x2cc c:/st/stm32cubeide_1.3.0/stm32cubeide/plugins/com.st.stm32cube.ide.mcu.externaltools.gnu-tools-for-stm32.7-2018-q2-update.win32_1.0.0.201904181610/tools/bin/../lib/gcc/arm-none-eabi/7.3.1/thumb/v7e-m/fpv4-sp/hard\libgcc.a(_udivmoddi4.o)
                0x000000000800022c                __udivmoddi4
 .text          0x00000000080004f8        0x4 c:/st/stm32cubeide_1.3.0/stm32cubeide/plugins/com.st.stm32cube.ide.mcu.externaltools.gnu-tools-for-stm32.7-2018-q2-update.win32_1.0.0.201904181610/tools/bin/../lib/gcc/arm-none-eabi/7.3.1/thumb/v7e-m/fpv4-sp/hard\libgcc.a(_dvmd_tls.o)
                0x00000000080004f8                __aeabi_idiv0
                0x00000000080004f8                __aeabi_ldiv0
 *(.text*)
 .text.HAL_Init
                0x00000000080004fc       0x34 Drivers/STM32F4xx_HAL_Driver/Src/stm32f4xx_hal.o
                0x00000000080004fc                HAL_Init
 .text.HAL_IncTick
                0x0000000008000530       0x18 Drivers/STM32F4xx_HAL_Driver/Src/stm32f4xx_hal.o
                0x0000000008000530                HAL_IncTick
 .text.HAL_GetTick
                0x0000000008000548        0xc Drivers/STM32F4xx_HAL_Driver/Src/stm32f4xx_hal.o
                0x0000000008000548                HAL_GetTick
 .text.HAL_Delay
                0x0000000008000554       0x24 Drivers/STM32F4xx_HAL_Driver/Src/stm32f4xx_hal.o
                0x0000000008000554                HAL_Delay
 .text.HAL_NVIC_SetPriorityGrouping
                0x0000000008000578       0x24 Drivers/STM32F4xx_HAL_Driver/Src/stm32f4xx_hal_cortex.o
                0x0000000008000578                HAL_NVIC_SetPriorityGrouping
 .text.HAL_NVIC_SetPriority
                0x000000000800059c       0x6c Drivers/STM32F4xx_HAL_Driver/Src/stm32f4xx_hal_cortex.o
                0x000000000800059c                HAL_NVIC_SetPriority
 .text.HAL_NVIC_EnableIRQ
                0x0000000008000608       0x1c Drivers/STM32F4xx_HAL_Driver/Src/stm32f4xx_hal_cortex.o
                0x0000000008000608                HAL_NVIC_EnableIRQ
 .text.HAL_NVIC_DisableIRQ
                0x0000000008000624       0x28 Drivers/STM32F4xx_HAL_Driver/Src/stm32f4xx_hal_cortex.o
                0x0000000008000624                HAL_NVIC_DisableIRQ
 .text.HAL_DMA_Abort_IT
                0x000000000800064c       0x24 Drivers/STM32F4xx_HAL_Driver/Src/stm32f4xx_hal_dma.o
                0x000000000800064c                HAL_DMA_Abort_IT
 .text.HAL_GPIO_Init
                0x0000000008000670      0x27c Drivers/STM32F4xx_HAL_Driver/Src/stm32f4xx_hal_gpio.o
                0x0000000008000670                HAL_GPIO_Init
 .text.HAL_GPIO_ReadPin
                0x00000000080008ec        0xc Drivers/STM32F4xx_HAL_Driver/Src/stm32f4xx_hal_gpio.o
                0x00000000080008ec                HAL_GPIO_ReadPin
 .text.HAL_GPIO_WritePin
                0x00000000080008f8        0x8 Drivers/STM32F4xx_HAL_Driver/Src/stm32f4xx_hal_gpio.o
                0x00000000080008f8                HAL_GPIO_WritePin
 .text.HAL_GPIO_EXTI_IRQHandler
                0x0000000008000900       0x18 Drivers/STM32F4xx_HAL_Driver/Src/stm32f4xx_hal_gpio.o
                0x0000000008000900                HAL_GPIO_EXTI_IRQHandler
 .text.HAL_RCC_OscConfig
                0x0000000008000918      0x374 Drivers/STM32F4xx_HAL_Driver/Src/stm32f4xx_hal_rcc.o
                0x0000000008000918                HAL_RCC_OscConfig
 .text.HAL_RCC_GetSysClockFreq
                0x0000000008000c8c       0x6c Drivers/STM32F4xx_HAL_Driver/Src/stm32f4xx_hal_rcc.o
                0x0000000008000c8c                HAL_RCC_GetSysClockFreq
 .text.HAL_RCC_ClockConfig
                0x0000000008000cf8      0x134 Drivers/STM32F4xx_HAL_Driver/Src/stm32f4xx_hal_rcc.o
                0x0000000008000cf8                HAL_RCC_ClockConfig
 .text.HAL_RCC_GetPCLK1Freq
                0x0000000008000e2c       0x20 Drivers/STM32F4xx_HAL_Driver/Src/stm32f4xx_hal_rcc.o
                0x0000000008000e2c                HAL_RCC_GetPCLK1Freq
 .text.HAL_RCC_GetPCLK2Freq
                0x0000000008000e4c       0x20 Drivers/STM32F4xx_HAL_Driver/Src/stm32f4xx_hal_rcc.o
                0x0000000008000e4c                HAL_RCC_GetPCLK2Freq
 .text.HAL_RCC_GetClockConfig
                0x0000000008000e6c       0x44 Drivers/STM32F4xx_HAL_Driver/Src/stm32f4xx_hal_rcc.o
                0x0000000008000e6c                HAL_RCC_GetClockConfig
 .text.SPI_WaitFlagStateUntilTimeout.constprop.7
                0x0000000008000eb0       0x84 Drivers/STM32F4xx_HAL_Driver/Src/stm32f4xx_hal_spi.o
 .text.SPI_EndRxTxTransaction
                0x0000000008000f34       0x64 Drivers/STM32F4xx_HAL_Driver/Src/stm32f4xx_hal_spi.o
 .text.HAL_SPI_Init
                0x0000000008000f98       0x80 Drivers/STM32F4xx_HAL_Driver/Src/stm32f4xx_hal_spi.o
                0x0000000008000f98                HAL_SPI_Init
 .text.HAL_SPI_Transmit
                0x0000000008001018      0x17c Drivers/STM32F4xx_HAL_Driver/Src/stm32f4xx_hal_spi.o
                0x0000000008001018                HAL_SPI_Transmit
 .text.HAL_SPI_GetState
                0x0000000008001194        0x8 Drivers/STM32F4xx_HAL_Driver/Src/stm32f4xx_hal_spi.o
                0x0000000008001194                HAL_SPI_GetState
 .text.TIM_OC1_SetConfig
                0x000000000800119c       0x60 Drivers/STM32F4xx_HAL_Driver/Src/stm32f4xx_hal_tim.o
 .text.TIM_OC3_SetConfig
                0x00000000080011fc       0x64 Drivers/STM32F4xx_HAL_Driver/Src/stm32f4xx_hal_tim.o
 .text.TIM_OC4_SetConfig
                0x0000000008001260       0x50 Drivers/STM32F4xx_HAL_Driver/Src/stm32f4xx_hal_tim.o
 .text.TIM_SlaveTimer_SetConfig
                0x00000000080012b0       0xc8 Drivers/STM32F4xx_HAL_Driver/Src/stm32f4xx_hal_tim.o
 .text.HAL_TIM_Base_Start_IT
                0x0000000008001378       0x20 Drivers/STM32F4xx_HAL_Driver/Src/stm32f4xx_hal_tim.o
                0x0000000008001378                HAL_TIM_Base_Start_IT
 .text.HAL_TIM_OC_MspInit
                0x0000000008001398        0x4 Drivers/STM32F4xx_HAL_Driver/Src/stm32f4xx_hal_tim.o
                0x0000000008001398                HAL_TIM_OC_MspInit
 .text.HAL_TIM_SlaveConfigSynchro
                0x000000000800139c       0x4c Drivers/STM32F4xx_HAL_Driver/Src/stm32f4xx_hal_tim.o
                0x000000000800139c                HAL_TIM_SlaveConfigSynchro
 .text.HAL_TIM_OC_DelayElapsedCallback
                0x00000000080013e8        0x4 Drivers/STM32F4xx_HAL_Driver/Src/stm32f4xx_hal_tim.o
                0x00000000080013e8                HAL_TIM_OC_DelayElapsedCallback
 .text.HAL_TIM_IC_CaptureCallback
                0x00000000080013ec        0x4 Drivers/STM32F4xx_HAL_Driver/Src/stm32f4xx_hal_tim.o
                0x00000000080013ec                HAL_TIM_IC_CaptureCallback
 .text.HAL_TIM_PWM_PulseFinishedCallback
                0x00000000080013f0        0x4 Drivers/STM32F4xx_HAL_Driver/Src/stm32f4xx_hal_tim.o
                0x00000000080013f0                HAL_TIM_PWM_PulseFinishedCallback
 .text.HAL_TIM_TriggerCallback
                0x00000000080013f4        0x4 Drivers/STM32F4xx_HAL_Driver/Src/stm32f4xx_hal_tim.o
                0x00000000080013f4                HAL_TIM_TriggerCallback
 .text.HAL_TIM_IRQHandler
                0x00000000080013f8      0x154 Drivers/STM32F4xx_HAL_Driver/Src/stm32f4xx_hal_tim.o
                0x00000000080013f8                HAL_TIM_IRQHandler
 .text.TIM_Base_SetConfig
                0x000000000800154c       0xe4 Drivers/STM32F4xx_HAL_Driver/Src/stm32f4xx_hal_tim.o
                0x000000000800154c                TIM_Base_SetConfig
 .text.HAL_TIM_Base_Init
                0x0000000008001630       0x38 Drivers/STM32F4xx_HAL_Driver/Src/stm32f4xx_hal_tim.o
                0x0000000008001630                HAL_TIM_Base_Init
 .text.HAL_TIM_OC_Init
                0x0000000008001668       0x38 Drivers/STM32F4xx_HAL_Driver/Src/stm32f4xx_hal_tim.o
                0x0000000008001668                HAL_TIM_OC_Init
 .text.TIM_OC2_SetConfig
                0x00000000080016a0       0x64 Drivers/STM32F4xx_HAL_Driver/Src/stm32f4xx_hal_tim.o
                0x00000000080016a0                TIM_OC2_SetConfig
 .text.HAL_TIM_OC_ConfigChannel
                0x0000000008001704       0x60 Drivers/STM32F4xx_HAL_Driver/Src/stm32f4xx_hal_tim.o
                0x0000000008001704                HAL_TIM_OC_ConfigChannel
 .text.HAL_TIMEx_MasterConfigSynchronization
                0x0000000008001764       0x44 Drivers/STM32F4xx_HAL_Driver/Src/stm32f4xx_hal_tim_ex.o
                0x0000000008001764                HAL_TIMEx_MasterConfigSynchronization
 .text.HAL_TIMEx_ConfigBreakDeadTime
                0x00000000080017a8       0x54 Drivers/STM32F4xx_HAL_Driver/Src/stm32f4xx_hal_tim_ex.o
                0x00000000080017a8                HAL_TIMEx_ConfigBreakDeadTime
 .text.HAL_TIMEx_CommutCallback
                0x00000000080017fc        0x4 Drivers/STM32F4xx_HAL_Driver/Src/stm32f4xx_hal_tim_ex.o
                0x00000000080017fc                HAL_TIMEx_CommutCallback
 .text.HAL_TIMEx_BreakCallback
                0x0000000008001800        0x4 Drivers/STM32F4xx_HAL_Driver/Src/stm32f4xx_hal_tim_ex.o
                0x0000000008001800                HAL_TIMEx_BreakCallback
 .text.UART_SetConfig
                0x0000000008001804      0x2b8 Drivers/STM32F4xx_HAL_Driver/Src/stm32f4xx_hal_uart.o
 .text.UART_WaitOnFlagUntilTimeout.constprop.3
                0x0000000008001abc       0x58 Drivers/STM32F4xx_HAL_Driver/Src/stm32f4xx_hal_uart.o
 .text.HAL_UART_Init
                0x0000000008001b14       0x60 Drivers/STM32F4xx_HAL_Driver/Src/stm32f4xx_hal_uart.o
                0x0000000008001b14                HAL_UART_Init
 .text.HAL_UART_Transmit
                0x0000000008001b74       0xb8 Drivers/STM32F4xx_HAL_Driver/Src/stm32f4xx_hal_uart.o
                0x0000000008001b74                HAL_UART_Transmit
 .text.HAL_UART_TxCpltCallback
                0x0000000008001c2c        0x4 Drivers/STM32F4xx_HAL_Driver/Src/stm32f4xx_hal_uart.o
                0x0000000008001c2c                HAL_UART_TxCpltCallback
 .text.HAL_UART_RxCpltCallback
                0x0000000008001c30        0x4 Drivers/STM32F4xx_HAL_Driver/Src/stm32f4xx_hal_uart.o
                0x0000000008001c30                HAL_UART_RxCpltCallback
 .text.UART_Receive_IT.part.1
                0x0000000008001c34       0x6c Drivers/STM32F4xx_HAL_Driver/Src/stm32f4xx_hal_uart.o
 .text.HAL_UART_ErrorCallback
                0x0000000008001ca0        0x4 Drivers/STM32F4xx_HAL_Driver/Src/stm32f4xx_hal_uart.o
                0x0000000008001ca0                HAL_UART_ErrorCallback
 .text.HAL_UART_IRQHandler
                0x0000000008001ca4      0x180 Drivers/STM32F4xx_HAL_Driver/Src/stm32f4xx_hal_uart.o
                0x0000000008001ca4                HAL_UART_IRQHandler
 .text.UART_DMAAbortOnError
                0x0000000008001e24       0x14 Drivers/STM32F4xx_HAL_Driver/Src/stm32f4xx_hal_uart.o
 .text.dwt_writetodevice
                0x0000000008001e38       0x5c Src/decadriver/deca_device.o
                0x0000000008001e38                dwt_writetodevice
 .text.dwt_writetxdata
                0x0000000008001e94       0x20 Src/decadriver/deca_device.o
                0x0000000008001e94                dwt_writetxdata
 .text.dwt_writetxfctrl
                0x0000000008001eb4       0x40 Src/decadriver/deca_device.o
                0x0000000008001eb4                dwt_writetxfctrl
 .text.dwt_readfromdevice
                0x0000000008001ef4       0x58 Src/decadriver/deca_device.o
                0x0000000008001ef4                dwt_readfromdevice
 .text.dwt_readdevid
                0x0000000008001f4c       0x2c Src/decadriver/deca_device.o
                0x0000000008001f4c                dwt_readdevid
 .text.dwt_read32bitoffsetreg
                0x0000000008001f78       0x2c Src/decadriver/deca_device.o
                0x0000000008001f78                dwt_read32bitoffsetreg
 .text.dwt_write32bitoffsetreg
                0x0000000008001fa4       0x2c Src/decadriver/deca_device.o
                0x0000000008001fa4                dwt_write32bitoffsetreg
 .text._dwt_otpread
                0x0000000008001fd0       0x64 Src/decadriver/deca_device.o
                0x0000000008001fd0                _dwt_otpread
 .text._dwt_aonarrayupload
                0x0000000008002034       0x2c Src/decadriver/deca_device.o
                0x0000000008002034                _dwt_aonarrayupload
 .text._dwt_configlde
                0x0000000008002060       0x3c Src/decadriver/deca_device.o
                0x0000000008002060                _dwt_configlde
 .text.dwt_configure
                0x000000000800209c      0x380 Src/decadriver/deca_device.o
                0x000000000800209c                dwt_configure
 .text._dwt_enableclocks
                0x000000000800241c      0x104 Src/decadriver/deca_device.o
                0x000000000800241c                _dwt_enableclocks
 .text._dwt_loaducodefromrom
                0x0000000008002520       0x30 Src/decadriver/deca_device.o
                0x0000000008002520                _dwt_loaducodefromrom
 .text._dwt_disablesequencing
                0x0000000008002550       0x24 Src/decadriver/deca_device.o
                0x0000000008002550                _dwt_disablesequencing
 .text.dwt_starttx
                0x0000000008002574       0x84 Src/decadriver/deca_device.o
                0x0000000008002574                dwt_starttx
 .text.dwt_softreset
                0x00000000080025f8       0x68 Src/decadriver/deca_device.o
                0x00000000080025f8                dwt_softreset
 .text.dwt_initialise
                0x0000000008002660      0x29c Src/decadriver/deca_device.o
                0x0000000008002660                dwt_initialise
 .text.dw_main  0x00000000080028fc       0x80 Src/examples/ex_01a_simple_tx/ex_01a_main.o
                0x00000000080028fc                dw_main
 .text.SystemClock_Config
                0x000000000800297c       0x98 Src/main.o
                0x000000000800297c                SystemClock_Config
 .text.startup.main
                0x0000000008002a14      0x370 Src/main.o
                0x0000000008002a14                main
 .text.HAL_TIM_PeriodElapsedCallback
                0x0000000008002d84       0x14 Src/main.o
                0x0000000008002d84                HAL_TIM_PeriodElapsedCallback
 .text.HAL_MspInit
                0x0000000008002d98       0x38 Src/stm32f4xx_hal_msp.o
                0x0000000008002d98                HAL_MspInit
 .text.HAL_SPI_MspInit
                0x0000000008002dd0       0x98 Src/stm32f4xx_hal_msp.o
                0x0000000008002dd0                HAL_SPI_MspInit
 .text.HAL_TIM_Base_MspInit
                0x0000000008002e68       0x40 Src/stm32f4xx_hal_msp.o
                0x0000000008002e68                HAL_TIM_Base_MspInit
 .text.HAL_TIM_MspPostInit
                0x0000000008002ea8       0x54 Src/stm32f4xx_hal_msp.o
                0x0000000008002ea8                HAL_TIM_MspPostInit
 .text.HAL_UART_MspInit
                0x0000000008002efc       0x84 Src/stm32f4xx_hal_msp.o
                0x0000000008002efc                HAL_UART_MspInit
 .text.HAL_InitTick
                0x0000000008002f80       0x80 Src/stm32f4xx_hal_timebase_tim.o
                0x0000000008002f80                HAL_InitTick
 .text.NMI_Handler
                0x0000000008003000        0x4 Src/stm32f4xx_it.o
                0x0000000008003000                NMI_Handler
 .text.HardFault_Handler
                0x0000000008003004        0x4 Src/stm32f4xx_it.o
                0x0000000008003004                HardFault_Handler
 .text.MemManage_Handler
                0x0000000008003008        0x4 Src/stm32f4xx_it.o
                0x0000000008003008                MemManage_Handler
 .text.BusFault_Handler
                0x000000000800300c        0x4 Src/stm32f4xx_it.o
                0x000000000800300c                BusFault_Handler
 .text.UsageFault_Handler
                0x0000000008003010        0x4 Src/stm32f4xx_it.o
                0x0000000008003010                UsageFault_Handler
 .text.SVC_Handler
                0x0000000008003014        0x4 Src/stm32f4xx_it.o
                0x0000000008003014                SVC_Handler
 .text.DebugMon_Handler
                0x0000000008003018        0x4 Src/stm32f4xx_it.o
                0x0000000008003018                DebugMon_Handler
 .text.PendSV_Handler
                0x000000000800301c        0x4 Src/stm32f4xx_it.o
                0x000000000800301c                PendSV_Handler
 .text.SysTick_Handler
                0x0000000008003020        0x4 Src/stm32f4xx_it.o
                0x0000000008003020                SysTick_Handler
 .text.USART3_IRQHandler
                0x0000000008003024        0xc Src/stm32f4xx_it.o
                0x0000000008003024                USART3_IRQHandler
 .text.EXTI15_10_IRQHandler
                0x0000000008003030       0x18 Src/stm32f4xx_it.o
                0x0000000008003030                EXTI15_10_IRQHandler
 .text.TIM8_CC_IRQHandler
                0x0000000008003048        0xc Src/stm32f4xx_it.o
                0x0000000008003048                TIM8_CC_IRQHandler
 .text.TIM6_DAC_IRQHandler
                0x0000000008003054        0xc Src/stm32f4xx_it.o
                0x0000000008003054                TIM6_DAC_IRQHandler
 .text.SystemInit
                0x0000000008003060       0x50 Src/system_stm32f4xx.o
                0x0000000008003060                SystemInit
 .text.decamutexon
                0x00000000080030b0       0x18 Src/platform/deca_mutex.o
                0x00000000080030b0                decamutexon
 .text.decamutexoff
                0x00000000080030c8        0x8 Src/platform/deca_mutex.o
                0x00000000080030c8                decamutexoff
 .text.deca_sleep
                0x00000000080030d0        0x4 Src/platform/deca_sleep.o
                0x00000000080030d0                deca_sleep
 .text.writetospi
                0x00000000080030d4       0x6c Src/platform/deca_spi.o
                0x00000000080030d4                writetospi
 .text.readfromspi
                0x0000000008003140       0x90 Src/platform/deca_spi.o
                0x0000000008003140                readfromspi
 .text.__NVIC_EnableIRQ
                0x00000000080031d0       0x1c Src/platform/port.o
 .text.__NVIC_DisableIRQ
                0x00000000080031ec       0x28 Src/platform/port.o
 .text.usleep   0x0000000008003214       0x54 Src/platform/port.o
                0x0000000008003214                usleep
 .text.Sleep    0x0000000008003268       0x18 Src/platform/port.o
                0x0000000008003268                Sleep
 .text.EXTI_GetITEnStatus
                0x0000000008003280       0x3c Src/platform/port.o
                0x0000000008003280                EXTI_GetITEnStatus
 .text.reset_DW1000
                0x00000000080032bc       0x48 Src/platform/port.o
                0x00000000080032bc                reset_DW1000
 .text.setup_DW1000RSTnIRQ
                0x0000000008003304       0x7c Src/platform/port.o
                0x0000000008003304                setup_DW1000RSTnIRQ
 .text.port_set_dw1000_slowrate
                0x0000000008003380       0x18 Src/platform/port.o
                0x0000000008003380                port_set_dw1000_slowrate
 .text.port_set_dw1000_fastrate
                0x0000000008003398       0x18 Src/platform/port.o
                0x0000000008003398                port_set_dw1000_fastrate
 .text.HAL_GPIO_EXTI_Callback
                0x00000000080033b0       0x34 Src/platform/port.o
                0x00000000080033b0                HAL_GPIO_EXTI_Callback
 .text.process_deca_irq
                0x00000000080033e4       0x20 Src/platform/port.o
                0x00000000080033e4                process_deca_irq
 .text.port_DisableEXT_IRQ
                0x0000000008003404       0x10 Src/platform/port.o
                0x0000000008003404                port_DisableEXT_IRQ
 .text.port_EnableEXT_IRQ
                0x0000000008003414       0x10 Src/platform/port.o
                0x0000000008003414                port_EnableEXT_IRQ
 .text.port_GetEXT_IRQStatus
                0x0000000008003424       0x10 Src/platform/port.o
                0x0000000008003424                port_GetEXT_IRQStatus
 .text.port_CheckEXT_IRQ
                0x0000000008003434       0x18 Src/platform/port.o
                0x0000000008003434                port_CheckEXT_IRQ
 .text.stdio_init
                0x000000000800344c        0xc Src/platform/stdio.o
                0x000000000800344c                stdio_init
 .text.stdio_write
                0x0000000008003458       0x2c Src/platform/stdio.o
                0x0000000008003458                stdio_write
 .text.Reset_Handler
                0x0000000008003484       0x50 startup/startup_stm32f429xx.o
                0x0000000008003484                Reset_Handler
 .text.Default_Handler
                0x00000000080034d4        0x2 startup/startup_stm32f429xx.o
                0x00000000080034d4                RTC_Alarm_IRQHandler
                0x00000000080034d4                HASH_RNG_IRQHandler
                0x00000000080034d4                EXTI2_IRQHandler
                0x00000000080034d4                UART8_IRQHandler
                0x00000000080034d4                SPI4_IRQHandler
                0x00000000080034d4                TIM1_CC_IRQHandler
                0x00000000080034d4                DMA2_Stream5_IRQHandler
                0x00000000080034d4                DMA1_Stream5_IRQHandler
                0x00000000080034d4                PVD_IRQHandler
                0x00000000080034d4                SDIO_IRQHandler
                0x00000000080034d4                TAMP_STAMP_IRQHandler
                0x00000000080034d4                CAN2_RX1_IRQHandler
                0x00000000080034d4                EXTI3_IRQHandler
                0x00000000080034d4                TIM8_TRG_COM_TIM14_IRQHandler
                0x00000000080034d4                TIM1_UP_TIM10_IRQHandler
                0x00000000080034d4                TIM8_UP_TIM13_IRQHandler
                0x00000000080034d4                I2C3_ER_IRQHandler
                0x00000000080034d4                EXTI0_IRQHandler
                0x00000000080034d4                I2C2_EV_IRQHandler
                0x00000000080034d4                DMA1_Stream2_IRQHandler
                0x00000000080034d4                CAN1_RX0_IRQHandler
                0x00000000080034d4                FPU_IRQHandler
                0x00000000080034d4                OTG_HS_WKUP_IRQHandler
                0x00000000080034d4                LTDC_ER_IRQHandler
                0x00000000080034d4                CAN2_SCE_IRQHandler
                0x00000000080034d4                DMA2_Stream2_IRQHandler
                0x00000000080034d4                SPI1_IRQHandler
                0x00000000080034d4                TIM1_BRK_TIM9_IRQHandler
                0x00000000080034d4                DCMI_IRQHandler
                0x00000000080034d4                CAN2_RX0_IRQHandler
                0x00000000080034d4                DMA2_Stream3_IRQHandler
                0x00000000080034d4                USART6_IRQHandler
                0x00000000080034d4                CAN1_RX1_IRQHandler
                0x00000000080034d4                UART5_IRQHandler
                0x00000000080034d4                DMA2_Stream0_IRQHandler
                0x00000000080034d4                TIM4_IRQHandler
                0x00000000080034d4                I2C1_EV_IRQHandler
                0x00000000080034d4                DMA1_Stream6_IRQHandler
                0x00000000080034d4                DMA1_Stream1_IRQHandler
                0x00000000080034d4                UART4_IRQHandler
                0x00000000080034d4                TIM3_IRQHandler
                0x00000000080034d4                RCC_IRQHandler
                0x00000000080034d4                TIM8_BRK_TIM12_IRQHandler
                0x00000000080034d4                Default_Handler
                0x00000000080034d4                ADC_IRQHandler
                0x00000000080034d4                DMA1_Stream7_IRQHandler
                0x00000000080034d4                SPI5_IRQHandler
                0x00000000080034d4                TIM7_IRQHandler
                0x00000000080034d4                CAN2_TX_IRQHandler
                0x00000000080034d4                TIM5_IRQHandler
                0x00000000080034d4                DMA2_Stream7_IRQHandler
                0x00000000080034d4                I2C3_EV_IRQHandler
                0x00000000080034d4                EXTI9_5_IRQHandler
                0x00000000080034d4                RTC_WKUP_IRQHandler
                0x00000000080034d4                LTDC_IRQHandler
                0x00000000080034d4                ETH_WKUP_IRQHandler
                0x00000000080034d4                SPI2_IRQHandler
                0x00000000080034d4                OTG_HS_EP1_IN_IRQHandler
                0x00000000080034d4                DMA1_Stream0_IRQHandler
                0x00000000080034d4                CAN1_TX_IRQHandler
                0x00000000080034d4                EXTI4_IRQHandler
                0x00000000080034d4                ETH_IRQHandler
                0x00000000080034d4                OTG_HS_EP1_OUT_IRQHandler
                0x00000000080034d4                WWDG_IRQHandler
                0x00000000080034d4                SPI6_IRQHandler
                0x00000000080034d4                TIM2_IRQHandler
                0x00000000080034d4                OTG_FS_WKUP_IRQHandler
                0x00000000080034d4                TIM1_TRG_COM_TIM11_IRQHandler
                0x00000000080034d4                OTG_HS_IRQHandler
                0x00000000080034d4                DMA2D_IRQHandler
                0x00000000080034d4                EXTI1_IRQHandler
                0x00000000080034d4                UART7_IRQHandler
                0x00000000080034d4                USART2_IRQHandler
                0x00000000080034d4                I2C2_ER_IRQHandler
                0x00000000080034d4                DMA2_Stream1_IRQHandler
                0x00000000080034d4                CAN1_SCE_IRQHandler
                0x00000000080034d4                FLASH_IRQHandler
                0x00000000080034d4                DMA2_Stream4_IRQHandler
                0x00000000080034d4                USART1_IRQHandler
                0x00000000080034d4                OTG_FS_IRQHandler
                0x00000000080034d4                SPI3_IRQHandler
                0x00000000080034d4                DMA1_Stream4_IRQHandler
                0x00000000080034d4                I2C1_ER_IRQHandler
                0x00000000080034d4                FMC_IRQHandler
                0x00000000080034d4                DMA2_Stream6_IRQHandler
                0x00000000080034d4                SAI1_IRQHandler
                0x00000000080034d4                DMA1_Stream3_IRQHandler
 *fill*         0x00000000080034d6        0x2 
 .text.__libc_init_array
                0x00000000080034d8       0x48 c:/st/stm32cubeide_1.3.0/stm32cubeide/plugins/com.st.stm32cube.ide.mcu.externaltools.gnu-tools-for-stm32.7-2018-q2-update.win32_1.0.0.201904181610/tools/bin/../lib/gcc/arm-none-eabi/7.3.1/../../../../arm-none-eabi/lib/thumb/v7e-m/fpv4-sp/hard\libc.a(lib_a-init.o)
                0x00000000080034d8                __libc_init_array
 .text.memset   0x0000000008003520       0x10 c:/st/stm32cubeide_1.3.0/stm32cubeide/plugins/com.st.stm32cube.ide.mcu.externaltools.gnu-tools-for-stm32.7-2018-q2-update.win32_1.0.0.201904181610/tools/bin/../lib/gcc/arm-none-eabi/7.3.1/../../../../arm-none-eabi/lib/thumb/v7e-m/fpv4-sp/hard\libc.a(lib_a-memset.o)
                0x0000000008003520                memset
 .text.startup.register_fini
                0x0000000008003530       0x14 c:/st/stm32cubeide_1.3.0/stm32cubeide/plugins/com.st.stm32cube.ide.mcu.externaltools.gnu-tools-for-stm32.7-2018-q2-update.win32_1.0.0.201904181610/tools/bin/../lib/gcc/arm-none-eabi/7.3.1/../../../../arm-none-eabi/lib/thumb/v7e-m/fpv4-sp/hard\libc.a(lib_a-__call_atexit.o)
 .text.atexit   0x0000000008003544        0xc c:/st/stm32cubeide_1.3.0/stm32cubeide/plugins/com.st.stm32cube.ide.mcu.externaltools.gnu-tools-for-stm32.7-2018-q2-update.win32_1.0.0.201904181610/tools/bin/../lib/gcc/arm-none-eabi/7.3.1/../../../../arm-none-eabi/lib/thumb/v7e-m/fpv4-sp/hard\libc.a(lib_a-atexit.o)
                0x0000000008003544                atexit
 .text.__libc_fini_array
                0x0000000008003550       0x28 c:/st/stm32cubeide_1.3.0/stm32cubeide/plugins/com.st.stm32cube.ide.mcu.externaltools.gnu-tools-for-stm32.7-2018-q2-update.win32_1.0.0.201904181610/tools/bin/../lib/gcc/arm-none-eabi/7.3.1/../../../../arm-none-eabi/lib/thumb/v7e-m/fpv4-sp/hard\libc.a(lib_a-fini.o)
                0x0000000008003550                __libc_fini_array
 .text.__retarget_lock_acquire_recursive
                0x0000000008003578        0x2 c:/st/stm32cubeide_1.3.0/stm32cubeide/plugins/com.st.stm32cube.ide.mcu.externaltools.gnu-tools-for-stm32.7-2018-q2-update.win32_1.0.0.201904181610/tools/bin/../lib/gcc/arm-none-eabi/7.3.1/../../../../arm-none-eabi/lib/thumb/v7e-m/fpv4-sp/hard\libc.a(lib_a-lock.o)
                0x0000000008003578                __retarget_lock_acquire_recursive
 .text.__retarget_lock_release_recursive
                0x000000000800357a        0x2 c:/st/stm32cubeide_1.3.0/stm32cubeide/plugins/com.st.stm32cube.ide.mcu.externaltools.gnu-tools-for-stm32.7-2018-q2-update.win32_1.0.0.201904181610/tools/bin/../lib/gcc/arm-none-eabi/7.3.1/../../../../arm-none-eabi/lib/thumb/v7e-m/fpv4-sp/hard\libc.a(lib_a-lock.o)
                0x000000000800357a                __retarget_lock_release_recursive
 .text.__register_exitproc
                0x000000000800357c       0xac c:/st/stm32cubeide_1.3.0/stm32cubeide/plugins/com.st.stm32cube.ide.mcu.externaltools.gnu-tools-for-stm32.7-2018-q2-update.win32_1.0.0.201904181610/tools/bin/../lib/gcc/arm-none-eabi/7.3.1/../../../../arm-none-eabi/lib/thumb/v7e-m/fpv4-sp/hard\libc.a(lib_a-__atexit.o)
                0x000000000800357c                __register_exitproc
 *(.glue_7)
 .glue_7        0x0000000008003628        0x0 linker stubs
 *(.glue_7t)
 .glue_7t       0x0000000008003628        0x0 linker stubs
 *(.eh_frame)
 .eh_frame      0x0000000008003628        0x0 c:/st/stm32cubeide_1.3.0/stm32cubeide/plugins/com.st.stm32cube.ide.mcu.externaltools.gnu-tools-for-stm32.7-2018-q2-update.win32_1.0.0.201904181610/tools/bin/../lib/gcc/arm-none-eabi/7.3.1/thumb/v7e-m/fpv4-sp/hard/crtbegin.o
 *(.init)
 .init          0x0000000008003628        0x4 c:/st/stm32cubeide_1.3.0/stm32cubeide/plugins/com.st.stm32cube.ide.mcu.externaltools.gnu-tools-for-stm32.7-2018-q2-update.win32_1.0.0.201904181610/tools/bin/../lib/gcc/arm-none-eabi/7.3.1/thumb/v7e-m/fpv4-sp/hard/crti.o
                0x0000000008003628                _init
 .init          0x000000000800362c        0x8 c:/st/stm32cubeide_1.3.0/stm32cubeide/plugins/com.st.stm32cube.ide.mcu.externaltools.gnu-tools-for-stm32.7-2018-q2-update.win32_1.0.0.201904181610/tools/bin/../lib/gcc/arm-none-eabi/7.3.1/thumb/v7e-m/fpv4-sp/hard/crtn.o
 *(.fini)
 .fini          0x0000000008003634        0x4 c:/st/stm32cubeide_1.3.0/stm32cubeide/plugins/com.st.stm32cube.ide.mcu.externaltools.gnu-tools-for-stm32.7-2018-q2-update.win32_1.0.0.201904181610/tools/bin/../lib/gcc/arm-none-eabi/7.3.1/thumb/v7e-m/fpv4-sp/hard/crti.o
                0x0000000008003634                _fini
 .fini          0x0000000008003638        0x8 c:/st/stm32cubeide_1.3.0/stm32cubeide/plugins/com.st.stm32cube.ide.mcu.externaltools.gnu-tools-for-stm32.7-2018-q2-update.win32_1.0.0.201904181610/tools/bin/../lib/gcc/arm-none-eabi/7.3.1/thumb/v7e-m/fpv4-sp/hard/crtn.o
                0x0000000008003640                . = ALIGN (0x4)
                0x0000000008003640                _etext = .

.vfp11_veneer   0x0000000008003640        0x0
 .vfp11_veneer  0x0000000008003640        0x0 linker stubs

.v4_bx          0x0000000008003640        0x0
 .v4_bx         0x0000000008003640        0x0 linker stubs

.iplt           0x0000000008003640        0x0
 .iplt          0x0000000008003640        0x0 c:/st/stm32cubeide_1.3.0/stm32cubeide/plugins/com.st.stm32cube.ide.mcu.externaltools.gnu-tools-for-stm32.7-2018-q2-update.win32_1.0.0.201904181610/tools/bin/../lib/gcc/arm-none-eabi/7.3.1/thumb/v7e-m/fpv4-sp/hard/crtbegin.o

.rodata         0x0000000008003640       0xec
                0x0000000008003640                . = ALIGN (0x4)
 *(.rodata)
 .rodata        0x0000000008003640       0xb4 Src/decadriver/deca_params_init.o
                0x0000000008003640                lde_replicaCoeff
                0x0000000008003674                digital_bb_config
                0x0000000008003694                dtune1
                0x0000000008003698                sftsh
                0x00000000080036a4                dwnsSFDlen
                0x00000000080036a8                agc_config
                0x00000000080036b0                rx_config
                0x00000000080036b4                fs_pll_tune
                0x00000000080036bc                fs_pll_cfg
                0x00000000080036d4                tx_config
                0x00000000080036ec                chan_idx
 .rodata        0x00000000080036f4       0x18 Src/system_stm32f4xx.o
                0x00000000080036f4                AHBPrescTable
                0x0000000008003704                APBPrescTable
 *(.rodata*)
 .rodata.str1.4
                0x000000000800370c       0x1c Src/examples/ex_01a_simple_tx/ex_01a_main.o
 .rodata._global_impure_ptr
                0x0000000008003728        0x4 c:/st/stm32cubeide_1.3.0/stm32cubeide/plugins/com.st.stm32cube.ide.mcu.externaltools.gnu-tools-for-stm32.7-2018-q2-update.win32_1.0.0.201904181610/tools/bin/../lib/gcc/arm-none-eabi/7.3.1/../../../../arm-none-eabi/lib/thumb/v7e-m/fpv4-sp/hard\libc.a(lib_a-impure.o)
                0x0000000008003728                _global_impure_ptr
                0x000000000800372c                . = ALIGN (0x4)

.ARM.extab
 *(.ARM.extab* .gnu.linkonce.armextab.*)

.ARM            0x000000000800372c        0x8
                0x000000000800372c                __exidx_start = .
 *(.ARM.exidx*)
 .ARM.exidx     0x000000000800372c        0x8 c:/st/stm32cubeide_1.3.0/stm32cubeide/plugins/com.st.stm32cube.ide.mcu.externaltools.gnu-tools-for-stm32.7-2018-q2-update.win32_1.0.0.201904181610/tools/bin/../lib/gcc/arm-none-eabi/7.3.1/thumb/v7e-m/fpv4-sp/hard\libgcc.a(_udivmoddi4.o)
                0x0000000008003734                __exidx_end = .

.rel.dyn        0x0000000008003734        0x0
 .rel.iplt      0x0000000008003734        0x0 c:/st/stm32cubeide_1.3.0/stm32cubeide/plugins/com.st.stm32cube.ide.mcu.externaltools.gnu-tools-for-stm32.7-2018-q2-update.win32_1.0.0.201904181610/tools/bin/../lib/gcc/arm-none-eabi/7.3.1/thumb/v7e-m/fpv4-sp/hard/crtbegin.o

.preinit_array  0x0000000008003734        0x0
                0x0000000008003734                PROVIDE (__preinit_array_start = .)
 *(.preinit_array*)
                0x0000000008003734                PROVIDE (__preinit_array_end = .)

.init_array     0x0000000008003734        0x8
                0x0000000008003734                PROVIDE (__init_array_start = .)
 *(SORT_BY_NAME(.init_array.*))
 .init_array.00000
                0x0000000008003734        0x4 c:/st/stm32cubeide_1.3.0/stm32cubeide/plugins/com.st.stm32cube.ide.mcu.externaltools.gnu-tools-for-stm32.7-2018-q2-update.win32_1.0.0.201904181610/tools/bin/../lib/gcc/arm-none-eabi/7.3.1/../../../../arm-none-eabi/lib/thumb/v7e-m/fpv4-sp/hard\libc.a(lib_a-__call_atexit.o)
 *(.init_array*)
 .init_array    0x0000000008003738        0x4 c:/st/stm32cubeide_1.3.0/stm32cubeide/plugins/com.st.stm32cube.ide.mcu.externaltools.gnu-tools-for-stm32.7-2018-q2-update.win32_1.0.0.201904181610/tools/bin/../lib/gcc/arm-none-eabi/7.3.1/thumb/v7e-m/fpv4-sp/hard/crtbegin.o
                0x000000000800373c                PROVIDE (__init_array_end = .)

.fini_array     0x000000000800373c        0x4
                0x000000000800373c                PROVIDE (__fini_array_start = .)
 *(SORT_BY_NAME(.fini_array.*))
 *(.fini_array*)
 .fini_array    0x000000000800373c        0x4 c:/st/stm32cubeide_1.3.0/stm32cubeide/plugins/com.st.stm32cube.ide.mcu.externaltools.gnu-tools-for-stm32.7-2018-q2-update.win32_1.0.0.201904181610/tools/bin/../lib/gcc/arm-none-eabi/7.3.1/thumb/v7e-m/fpv4-sp/hard/crtbegin.o
                0x0000000008003740                PROVIDE (__fini_array_end = .)
                0x0000000008003740                _sidata = LOADADDR (.data)

.data           0x0000000020000000      0x454 load address 0x0000000008003740
                0x0000000020000000                . = ALIGN (0x4)
                0x0000000020000000                _sdata = .
 *(.data)
 .data          0x0000000020000000        0x8 Drivers/STM32F4xx_HAL_Driver/Src/stm32f4xx_hal.o
                0x0000000020000000                uwTickFreq
                0x0000000020000004                uwTickPrio
 .data          0x0000000020000008        0x4 Src/decadriver/deca_device.o
 .data          0x000000002000000c       0x18 Src/examples/ex_01a_simple_tx/ex_01a_main.o
 .data          0x0000000020000024        0x4 Src/system_stm32f4xx.o
                0x0000000020000024                SystemCoreClock
 *(.data*)
 .data.impure_data
                0x0000000020000028      0x428 c:/st/stm32cubeide_1.3.0/stm32cubeide/plugins/com.st.stm32cube.ide.mcu.externaltools.gnu-tools-for-stm32.7-2018-q2-update.win32_1.0.0.201904181610/tools/bin/../lib/gcc/arm-none-eabi/7.3.1/../../../../arm-none-eabi/lib/thumb/v7e-m/fpv4-sp/hard\libc.a(lib_a-impure.o)
 .data.__atexit_recursive_mutex
                0x0000000020000450        0x4 c:/st/stm32cubeide_1.3.0/stm32cubeide/plugins/com.st.stm32cube.ide.mcu.externaltools.gnu-tools-for-stm32.7-2018-q2-update.win32_1.0.0.201904181610/tools/bin/../lib/gcc/arm-none-eabi/7.3.1/../../../../arm-none-eabi/lib/thumb/v7e-m/fpv4-sp/hard\libc.a(lib_a-__call_atexit.o)
                0x0000000020000450                __atexit_recursive_mutex
                0x0000000020000454                . = ALIGN (0x4)
                0x0000000020000454                _edata = .
                0x0000000008003b94                _siccmram = LOADADDR (.ccmram)

.igot.plt       0x0000000020000454        0x0 load address 0x0000000008003b94
 .igot.plt      0x0000000020000454        0x0 c:/st/stm32cubeide_1.3.0/stm32cubeide/plugins/com.st.stm32cube.ide.mcu.externaltools.gnu-tools-for-stm32.7-2018-q2-update.win32_1.0.0.201904181610/tools/bin/../lib/gcc/arm-none-eabi/7.3.1/thumb/v7e-m/fpv4-sp/hard/crtbegin.o

.ccmram         0x0000000010000000        0x0 load address 0x0000000008003b94
                0x0000000010000000                . = ALIGN (0x4)
                0x0000000010000000                _sccmram = .
 *(.ccmram)
 *(.ccmram*)
                0x0000000010000000                . = ALIGN (0x4)
                0x0000000010000000                _eccmram = .
                0x0000000010000000                . = ALIGN (0x4)

.bss            0x0000000020000454      0x24c
                0x0000000020000454                _sbss = .
                0x0000000020000454                __bss_start__ = _sbss
 *(.bss)
 .bss           0x0000000020000454       0x1c c:/st/stm32cubeide_1.3.0/stm32cubeide/plugins/com.st.stm32cube.ide.mcu.externaltools.gnu-tools-for-stm32.7-2018-q2-update.win32_1.0.0.201904181610/tools/bin/../lib/gcc/arm-none-eabi/7.3.1/thumb/v7e-m/fpv4-sp/hard/crtbegin.o
 .bss           0x0000000020000470       0x38 Src/decadriver/deca_device.o
 .bss           0x00000000200004a8        0x8 Src/platform/port.o
                0x00000000200004a8                port_deca_isr
 .bss           0x00000000200004b0        0x4 Src/platform/stdio.o
 *(.bss*)
 *(COMMON)
 COMMON         0x00000000200004b4        0x4 Drivers/STM32F4xx_HAL_Driver/Src/stm32f4xx_hal.o
                0x00000000200004b4                uwTick
 COMMON         0x00000000200004b8      0x19a Src/main.o
                0x00000000200004b8                htim8
                0x00000000200004f8                huart3
                0x0000000020000538                hspi1
                0x0000000020000590                app
 *fill*         0x0000000020000652        0x2 
 COMMON         0x0000000020000654       0x40 Src/stm32f4xx_hal_timebase_tim.o
                0x0000000020000654                htim6
 COMMON         0x0000000020000694        0x9 c:/st/stm32cubeide_1.3.0/stm32cubeide/plugins/com.st.stm32cube.ide.mcu.externaltools.gnu-tools-for-stm32.7-2018-q2-update.win32_1.0.0.201904181610/tools/bin/../lib/gcc/arm-none-eabi/7.3.1/../../../../arm-none-eabi/lib/thumb/v7e-m/fpv4-sp/hard\libc.a(lib_a-lock.o)
                0x0000000020000694                __lock___atexit_recursive_mutex
                0x0000000020000695                __lock___arc4random_mutex
                0x0000000020000696                __lock___env_recursive_mutex
                0x0000000020000697                __lock___sinit_recursive_mutex
                0x0000000020000698                __lock___malloc_recursive_mutex
                0x0000000020000699                __lock___at_quick_exit_mutex
                0x000000002000069a                __lock___dd_hash_mutex
                0x000000002000069b                __lock___tz_mutex
                0x000000002000069c                __lock___sfp_recursive_mutex
                0x00000000200006a0                . = ALIGN (0x4)
 *fill*         0x000000002000069d        0x3 
                0x00000000200006a0                _ebss = .
                0x00000000200006a0                __bss_end__ = _ebss

._user_heap_stack
                0x00000000200006a0      0x600
                0x00000000200006a0                . = ALIGN (0x8)
                0x00000000200006a0                PROVIDE (end = .)
                [!provide]                        PROVIDE (_end = .)
                0x00000000200008a0                . = (. + _Min_Heap_Size)
 *fill*         0x00000000200006a0      0x200 
                0x0000000020000ca0                . = (. + _Min_Stack_Size)
 *fill*         0x00000000200008a0      0x400 
                0x0000000020000ca0                . = ALIGN (0x8)

/DISCARD/
 libc.a(*)
 libm.a(*)
 libgcc.a(*)

.ARM.attributes
                0x0000000000000000       0x30
 *(.ARM.attributes)
 .ARM.attributes
                0x0000000000000000       0x22 c:/st/stm32cubeide_1.3.0/stm32cubeide/plugins/com.st.stm32cube.ide.mcu.externaltools.gnu-tools-for-stm32.7-2018-q2-update.win32_1.0.0.201904181610/tools/bin/../lib/gcc/arm-none-eabi/7.3.1/thumb/v7e-m/fpv4-sp/hard/crti.o
 .ARM.attributes
                0x0000000000000022       0x34 c:/st/stm32cubeide_1.3.0/stm32cubeide/plugins/com.st.stm32cube.ide.mcu.externaltools.gnu-tools-for-stm32.7-2018-q2-update.win32_1.0.0.201904181610/tools/bin/../lib/gcc/arm-none-eabi/7.3.1/thumb/v7e-m/fpv4-sp/hard/crtbegin.o
 .ARM.attributes
                0x0000000000000056       0x39 Drivers/STM32F4xx_HAL_Driver/Src/stm32f4xx_hal.o
 .ARM.attributes
                0x000000000000008f       0x39 Drivers/STM32F4xx_HAL_Driver/Src/stm32f4xx_hal_cortex.o
 .ARM.attributes
                0x00000000000000c8       0x39 Drivers/STM32F4xx_HAL_Driver/Src/stm32f4xx_hal_dma.o
 .ARM.attributes
                0x0000000000000101       0x39 Drivers/STM32F4xx_HAL_Driver/Src/stm32f4xx_hal_gpio.o
 .ARM.attributes
                0x000000000000013a       0x39 Drivers/STM32F4xx_HAL_Driver/Src/stm32f4xx_hal_rcc.o
 .ARM.attributes
                0x0000000000000173       0x39 Drivers/STM32F4xx_HAL_Driver/Src/stm32f4xx_hal_spi.o
 .ARM.attributes
                0x00000000000001ac       0x39 Drivers/STM32F4xx_HAL_Driver/Src/stm32f4xx_hal_tim.o
 .ARM.attributes
                0x00000000000001e5       0x39 Drivers/STM32F4xx_HAL_Driver/Src/stm32f4xx_hal_tim_ex.o
 .ARM.attributes
                0x000000000000021e       0x39 Drivers/STM32F4xx_HAL_Driver/Src/stm32f4xx_hal_uart.o
 .ARM.attributes
                0x0000000000000257       0x39 Src/decadriver/deca_device.o
 .ARM.attributes
                0x0000000000000290       0x39 Src/decadriver/deca_params_init.o
 .ARM.attributes
                0x00000000000002c9       0x39 Src/examples/ex_01a_simple_tx/ex_01a_main.o
 .ARM.attributes
                0x0000000000000302       0x39 Src/main.o
 .ARM.attributes
                0x000000000000033b       0x39 Src/stm32f4xx_hal_msp.o
 .ARM.attributes
                0x0000000000000374       0x39 Src/stm32f4xx_hal_timebase_tim.o
 .ARM.attributes
                0x00000000000003ad       0x39 Src/stm32f4xx_it.o
 .ARM.attributes
                0x00000000000003e6       0x39 Src/system_stm32f4xx.o
 .ARM.attributes
                0x000000000000041f       0x39 Src/platform/deca_mutex.o
 .ARM.attributes
                0x0000000000000458       0x39 Src/platform/deca_sleep.o
 .ARM.attributes
                0x0000000000000491       0x39 Src/platform/deca_spi.o
 .ARM.attributes
                0x00000000000004ca       0x39 Src/platform/port.o
 .ARM.attributes
                0x0000000000000503       0x39 Src/platform/stdio.o
 .ARM.attributes
                0x000000000000053c       0x21 startup/startup_stm32f429xx.o
 .ARM.attributes
                0x000000000000055d       0x34 c:/st/stm32cubeide_1.3.0/stm32cubeide/plugins/com.st.stm32cube.ide.mcu.externaltools.gnu-tools-for-stm32.7-2018-q2-update.win32_1.0.0.201904181610/tools/bin/../lib/gcc/arm-none-eabi/7.3.1/../../../../arm-none-eabi/lib/thumb/v7e-m/fpv4-sp/hard\libc.a(lib_a-impure.o)
 .ARM.attributes
                0x0000000000000591       0x34 c:/st/stm32cubeide_1.3.0/stm32cubeide/plugins/com.st.stm32cube.ide.mcu.externaltools.gnu-tools-for-stm32.7-2018-q2-update.win32_1.0.0.201904181610/tools/bin/../lib/gcc/arm-none-eabi/7.3.1/../../../../arm-none-eabi/lib/thumb/v7e-m/fpv4-sp/hard\libc.a(lib_a-init.o)
 .ARM.attributes
                0x00000000000005c5       0x34 c:/st/stm32cubeide_1.3.0/stm32cubeide/plugins/com.st.stm32cube.ide.mcu.externaltools.gnu-tools-for-stm32.7-2018-q2-update.win32_1.0.0.201904181610/tools/bin/../lib/gcc/arm-none-eabi/7.3.1/../../../../arm-none-eabi/lib/thumb/v7e-m/fpv4-sp/hard\libc.a(lib_a-memset.o)
 .ARM.attributes
                0x00000000000005f9       0x1b c:/st/stm32cubeide_1.3.0/stm32cubeide/plugins/com.st.stm32cube.ide.mcu.externaltools.gnu-tools-for-stm32.7-2018-q2-update.win32_1.0.0.201904181610/tools/bin/../lib/gcc/arm-none-eabi/7.3.1/../../../../arm-none-eabi/lib/thumb/v7e-m/fpv4-sp/hard\libc.a(lib_a-strlen.o)
 .ARM.attributes
                0x0000000000000614       0x34 c:/st/stm32cubeide_1.3.0/stm32cubeide/plugins/com.st.stm32cube.ide.mcu.externaltools.gnu-tools-for-stm32.7-2018-q2-update.win32_1.0.0.201904181610/tools/bin/../lib/gcc/arm-none-eabi/7.3.1/../../../../arm-none-eabi/lib/thumb/v7e-m/fpv4-sp/hard\libc.a(lib_a-__call_atexit.o)
 .ARM.attributes
                0x0000000000000648       0x34 c:/st/stm32cubeide_1.3.0/stm32cubeide/plugins/com.st.stm32cube.ide.mcu.externaltools.gnu-tools-for-stm32.7-2018-q2-update.win32_1.0.0.201904181610/tools/bin/../lib/gcc/arm-none-eabi/7.3.1/../../../../arm-none-eabi/lib/thumb/v7e-m/fpv4-sp/hard\libc.a(lib_a-atexit.o)
 .ARM.attributes
                0x000000000000067c       0x34 c:/st/stm32cubeide_1.3.0/stm32cubeide/plugins/com.st.stm32cube.ide.mcu.externaltools.gnu-tools-for-stm32.7-2018-q2-update.win32_1.0.0.201904181610/tools/bin/../lib/gcc/arm-none-eabi/7.3.1/../../../../arm-none-eabi/lib/thumb/v7e-m/fpv4-sp/hard\libc.a(lib_a-fini.o)
 .ARM.attributes
                0x00000000000006b0       0x34 c:/st/stm32cubeide_1.3.0/stm32cubeide/plugins/com.st.stm32cube.ide.mcu.externaltools.gnu-tools-for-stm32.7-2018-q2-update.win32_1.0.0.201904181610/tools/bin/../lib/gcc/arm-none-eabi/7.3.1/../../../../arm-none-eabi/lib/thumb/v7e-m/fpv4-sp/hard\libc.a(lib_a-lock.o)
 .ARM.attributes
                0x00000000000006e4       0x34 c:/st/stm32cubeide_1.3.0/stm32cubeide/plugins/com.st.stm32cube.ide.mcu.externaltools.gnu-tools-for-stm32.7-2018-q2-update.win32_1.0.0.201904181610/tools/bin/../lib/gcc/arm-none-eabi/7.3.1/../../../../arm-none-eabi/lib/thumb/v7e-m/fpv4-sp/hard\libc.a(lib_a-__atexit.o)
 .ARM.attributes
                0x0000000000000718       0x22 c:/st/stm32cubeide_1.3.0/stm32cubeide/plugins/com.st.stm32cube.ide.mcu.externaltools.gnu-tools-for-stm32.7-2018-q2-update.win32_1.0.0.201904181610/tools/bin/../lib/gcc/arm-none-eabi/7.3.1/thumb/v7e-m/fpv4-sp/hard\libgcc.a(_aeabi_uldivmod.o)
 .ARM.attributes
                0x000000000000073a       0x34 c:/st/stm32cubeide_1.3.0/stm32cubeide/plugins/com.st.stm32cube.ide.mcu.externaltools.gnu-tools-for-stm32.7-2018-q2-update.win32_1.0.0.201904181610/tools/bin/../lib/gcc/arm-none-eabi/7.3.1/thumb/v7e-m/fpv4-sp/hard\libgcc.a(_udivmoddi4.o)
 .ARM.attributes
                0x000000000000076e       0x22 c:/st/stm32cubeide_1.3.0/stm32cubeide/plugins/com.st.stm32cube.ide.mcu.externaltools.gnu-tools-for-stm32.7-2018-q2-update.win32_1.0.0.201904181610/tools/bin/../lib/gcc/arm-none-eabi/7.3.1/thumb/v7e-m/fpv4-sp/hard\libgcc.a(_dvmd_tls.o)
 .ARM.attributes
                0x0000000000000790       0x22 c:/st/stm32cubeide_1.3.0/stm32cubeide/plugins/com.st.stm32cube.ide.mcu.externaltools.gnu-tools-for-stm32.7-2018-q2-update.win32_1.0.0.201904181610/tools/bin/../lib/gcc/arm-none-eabi/7.3.1/thumb/v7e-m/fpv4-sp/hard/crtn.o
OUTPUT(DWS1000_CubeMX.elf elf32-littlearm)

.debug_info     0x0000000000000000    0x1fcf4
 .debug_info    0x0000000000000000      0xa68 Drivers/STM32F4xx_HAL_Driver/Src/stm32f4xx_hal.o
 .debug_info    0x0000000000000a68      0xf6e Drivers/STM32F4xx_HAL_Driver/Src/stm32f4xx_hal_cortex.o
 .debug_info    0x00000000000019d6      0xa70 Drivers/STM32F4xx_HAL_Driver/Src/stm32f4xx_hal_dma.o
 .debug_info    0x0000000000002446      0x78f Drivers/STM32F4xx_HAL_Driver/Src/stm32f4xx_hal_gpio.o
 .debug_info    0x0000000000002bd5      0xa8f Drivers/STM32F4xx_HAL_Driver/Src/stm32f4xx_hal_rcc.o
 .debug_info    0x0000000000003664     0x1da3 Drivers/STM32F4xx_HAL_Driver/Src/stm32f4xx_hal_spi.o
 .debug_info    0x0000000000005407     0x3972 Drivers/STM32F4xx_HAL_Driver/Src/stm32f4xx_hal_tim.o
 .debug_info    0x0000000000008d79     0x147c Drivers/STM32F4xx_HAL_Driver/Src/stm32f4xx_hal_tim_ex.o
 .debug_info    0x000000000000a1f5     0x1762 Drivers/STM32F4xx_HAL_Driver/Src/stm32f4xx_hal_uart.o
 .debug_info    0x000000000000b957     0x8aed Src/decadriver/deca_device.o
 .debug_info    0x0000000000014444      0xb81 Src/decadriver/deca_params_init.o
 .debug_info    0x0000000000014fc5      0xc83 Src/examples/ex_01a_simple_tx/ex_01a_main.o
 .debug_info    0x0000000000015c48     0x2324 Src/main.o
 .debug_info    0x0000000000017f6c     0x1306 Src/stm32f4xx_hal_msp.o
 .debug_info    0x0000000000019272      0xbf5 Src/stm32f4xx_hal_timebase_tim.o
 .debug_info    0x0000000000019e67      0x944 Src/stm32f4xx_it.o
 .debug_info    0x000000000001a7ab      0x521 Src/system_stm32f4xx.o
 .debug_info    0x000000000001accc      0xa97 Src/platform/deca_mutex.o
 .debug_info    0x000000000001b763      0xa46 Src/platform/deca_sleep.o
 .debug_info    0x000000000001c1a9     0x123f Src/platform/deca_spi.o
 .debug_info    0x000000000001d3e8     0x1a73 Src/platform/port.o
 .debug_info    0x000000000001ee5b      0xe77 Src/platform/stdio.o
 .debug_info    0x000000000001fcd2       0x22 startup/startup_stm32f429xx.o

.debug_abbrev   0x0000000000000000     0x3b13
 .debug_abbrev  0x0000000000000000      0x244 Drivers/STM32F4xx_HAL_Driver/Src/stm32f4xx_hal.o
 .debug_abbrev  0x0000000000000244      0x320 Drivers/STM32F4xx_HAL_Driver/Src/stm32f4xx_hal_cortex.o
 .debug_abbrev  0x0000000000000564      0x308 Drivers/STM32F4xx_HAL_Driver/Src/stm32f4xx_hal_dma.o
 .debug_abbrev  0x000000000000086c      0x1f4 Drivers/STM32F4xx_HAL_Driver/Src/stm32f4xx_hal_gpio.o
 .debug_abbrev  0x0000000000000a60      0x2c3 Drivers/STM32F4xx_HAL_Driver/Src/stm32f4xx_hal_rcc.o
 .debug_abbrev  0x0000000000000d23      0x376 Drivers/STM32F4xx_HAL_Driver/Src/stm32f4xx_hal_spi.o
 .debug_abbrev  0x0000000000001099      0x341 Drivers/STM32F4xx_HAL_Driver/Src/stm32f4xx_hal_tim.o
 .debug_abbrev  0x00000000000013da      0x2d5 Drivers/STM32F4xx_HAL_Driver/Src/stm32f4xx_hal_tim_ex.o
 .debug_abbrev  0x00000000000016af      0x31c Drivers/STM32F4xx_HAL_Driver/Src/stm32f4xx_hal_uart.o
 .debug_abbrev  0x00000000000019cb      0x494 Src/decadriver/deca_device.o
 .debug_abbrev  0x0000000000001e5f      0x1a2 Src/decadriver/deca_params_init.o
 .debug_abbrev  0x0000000000002001      0x25c Src/examples/ex_01a_simple_tx/ex_01a_main.o
 .debug_abbrev  0x000000000000225d      0x3d8 Src/main.o
 .debug_abbrev  0x0000000000002635      0x214 Src/stm32f4xx_hal_msp.o
 .debug_abbrev  0x0000000000002849      0x1ee Src/stm32f4xx_hal_timebase_tim.o
 .debug_abbrev  0x0000000000002a37      0x1e3 Src/stm32f4xx_it.o
 .debug_abbrev  0x0000000000002c1a      0x111 Src/system_stm32f4xx.o
 .debug_abbrev  0x0000000000002d2b      0x25e Src/platform/deca_mutex.o
 .debug_abbrev  0x0000000000002f89      0x234 Src/platform/deca_sleep.o
 .debug_abbrev  0x00000000000031bd      0x2d7 Src/platform/deca_spi.o
 .debug_abbrev  0x0000000000003494      0x3f3 Src/platform/port.o
 .debug_abbrev  0x0000000000003887      0x27a Src/platform/stdio.o
 .debug_abbrev  0x0000000000003b01       0x12 startup/startup_stm32f429xx.o

.debug_loc      0x0000000000000000    0x108fd
 .debug_loc     0x0000000000000000      0x10d Drivers/STM32F4xx_HAL_Driver/Src/stm32f4xx_hal.o
 .debug_loc     0x000000000000010d      0x5c9 Drivers/STM32F4xx_HAL_Driver/Src/stm32f4xx_hal_cortex.o
 .debug_loc     0x00000000000006d6      0x7e1 Drivers/STM32F4xx_HAL_Driver/Src/stm32f4xx_hal_dma.o
 .debug_loc     0x0000000000000eb7      0x48b Drivers/STM32F4xx_HAL_Driver/Src/stm32f4xx_hal_gpio.o
 .debug_loc     0x0000000000001342      0x3d0 Drivers/STM32F4xx_HAL_Driver/Src/stm32f4xx_hal_rcc.o
 .debug_loc     0x0000000000001712     0x1bb1 Drivers/STM32F4xx_HAL_Driver/Src/stm32f4xx_hal_spi.o
 .debug_loc     0x00000000000032c3     0x4598 Drivers/STM32F4xx_HAL_Driver/Src/stm32f4xx_hal_tim.o
 .debug_loc     0x000000000000785b     0x115e Drivers/STM32F4xx_HAL_Driver/Src/stm32f4xx_hal_tim_ex.o
 .debug_loc     0x00000000000089b9     0x1557 Drivers/STM32F4xx_HAL_Driver/Src/stm32f4xx_hal_uart.o
 .debug_loc     0x0000000000009f10     0x6245 Src/decadriver/deca_device.o
 .debug_loc     0x0000000000010155       0x21 Src/main.o
 .debug_loc     0x0000000000010176       0xe7 Src/stm32f4xx_hal_msp.o
 .debug_loc     0x000000000001025d       0x9a Src/stm32f4xx_hal_timebase_tim.o
 .debug_loc     0x00000000000102f7      0x14c Src/system_stm32f4xx.o
 .debug_loc     0x0000000000010443       0x40 Src/platform/deca_mutex.o
 .debug_loc     0x0000000000010483       0x21 Src/platform/deca_sleep.o
 .debug_loc     0x00000000000104a4      0x1b9 Src/platform/deca_spi.o
 .debug_loc     0x000000000001065d      0x256 Src/platform/port.o
 .debug_loc     0x00000000000108b3       0x4a Src/platform/stdio.o

.debug_aranges  0x0000000000000000      0xfd0
 .debug_aranges
                0x0000000000000000       0xf8 Drivers/STM32F4xx_HAL_Driver/Src/stm32f4xx_hal.o
 .debug_aranges
                0x00000000000000f8       0xa8 Drivers/STM32F4xx_HAL_Driver/Src/stm32f4xx_hal_cortex.o
 .debug_aranges
                0x00000000000001a0       0x78 Drivers/STM32F4xx_HAL_Driver/Src/stm32f4xx_hal_dma.o
 .debug_aranges
                0x0000000000000218       0x58 Drivers/STM32F4xx_HAL_Driver/Src/stm32f4xx_hal_gpio.o
 .debug_aranges
                0x0000000000000270       0x88 Drivers/STM32F4xx_HAL_Driver/Src/stm32f4xx_hal_rcc.o
 .debug_aranges
                0x00000000000002f8      0x190 Drivers/STM32F4xx_HAL_Driver/Src/stm32f4xx_hal_spi.o
 .debug_aranges
                0x0000000000000488      0x278 Drivers/STM32F4xx_HAL_Driver/Src/stm32f4xx_hal_tim.o
 .debug_aranges
                0x0000000000000700       0xf0 Drivers/STM32F4xx_HAL_Driver/Src/stm32f4xx_hal_tim_ex.o
 .debug_aranges
                0x00000000000007f0      0x168 Drivers/STM32F4xx_HAL_Driver/Src/stm32f4xx_hal_uart.o
 .debug_aranges
                0x0000000000000958      0x358 Src/decadriver/deca_device.o
 .debug_aranges
                0x0000000000000cb0       0x18 Src/decadriver/deca_params_init.o
 .debug_aranges
                0x0000000000000cc8       0x20 Src/examples/ex_01a_simple_tx/ex_01a_main.o
 .debug_aranges
                0x0000000000000ce8       0x38 Src/main.o
 .debug_aranges
                0x0000000000000d20       0x58 Src/stm32f4xx_hal_msp.o
 .debug_aranges
                0x0000000000000d78       0x30 Src/stm32f4xx_hal_timebase_tim.o
 .debug_aranges
                0x0000000000000da8       0x60 Src/stm32f4xx_it.o
 .debug_aranges
                0x0000000000000e08       0x28 Src/system_stm32f4xx.o
 .debug_aranges
                0x0000000000000e30       0x28 Src/platform/deca_mutex.o
 .debug_aranges
                0x0000000000000e58       0x20 Src/platform/deca_sleep.o
 .debug_aranges
                0x0000000000000e78       0x30 Src/platform/deca_spi.o
 .debug_aranges
                0x0000000000000ea8       0xd8 Src/platform/port.o
 .debug_aranges
                0x0000000000000f80       0x28 Src/platform/stdio.o
 .debug_aranges
                0x0000000000000fa8       0x28 startup/startup_stm32f429xx.o

.debug_ranges   0x0000000000000000     0x1e70
 .debug_ranges  0x0000000000000000       0xe8 Drivers/STM32F4xx_HAL_Driver/Src/stm32f4xx_hal.o
 .debug_ranges  0x00000000000000e8      0x138 Drivers/STM32F4xx_HAL_Driver/Src/stm32f4xx_hal_cortex.o
 .debug_ranges  0x0000000000000220      0x110 Drivers/STM32F4xx_HAL_Driver/Src/stm32f4xx_hal_dma.o
 .debug_ranges  0x0000000000000330       0x68 Drivers/STM32F4xx_HAL_Driver/Src/stm32f4xx_hal_gpio.o
 .debug_ranges  0x0000000000000398      0x100 Drivers/STM32F4xx_HAL_Driver/Src/stm32f4xx_hal_rcc.o
 .debug_ranges  0x0000000000000498      0x2d8 Drivers/STM32F4xx_HAL_Driver/Src/stm32f4xx_hal_spi.o
 .debug_ranges  0x0000000000000770      0x480 Drivers/STM32F4xx_HAL_Driver/Src/stm32f4xx_hal_tim.o
 .debug_ranges  0x0000000000000bf0       0xe0 Drivers/STM32F4xx_HAL_Driver/Src/stm32f4xx_hal_tim_ex.o
 .debug_ranges  0x0000000000000cd0      0x1a0 Drivers/STM32F4xx_HAL_Driver/Src/stm32f4xx_hal_uart.o
 .debug_ranges  0x0000000000000e70      0xc20 Src/decadriver/deca_device.o
 .debug_ranges  0x0000000000001a90       0x10 Src/examples/ex_01a_simple_tx/ex_01a_main.o
 .debug_ranges  0x0000000000001aa0       0xf8 Src/main.o
 .debug_ranges  0x0000000000001b98       0xe0 Src/stm32f4xx_hal_msp.o
 .debug_ranges  0x0000000000001c78       0x48 Src/stm32f4xx_hal_timebase_tim.o
 .debug_ranges  0x0000000000001cc0       0x50 Src/stm32f4xx_it.o
 .debug_ranges  0x0000000000001d10       0x18 Src/system_stm32f4xx.o
 .debug_ranges  0x0000000000001d28       0x18 Src/platform/deca_mutex.o
 .debug_ranges  0x0000000000001d40       0x10 Src/platform/deca_sleep.o
 .debug_ranges  0x0000000000001d50       0x20 Src/platform/deca_spi.o
 .debug_ranges  0x0000000000001d70       0xc8 Src/platform/port.o
 .debug_ranges  0x0000000000001e38       0x18 Src/platform/stdio.o
 .debug_ranges  0x0000000000001e50       0x20 startup/startup_stm32f429xx.o

.debug_macro    0x0000000000000000    0x2796a
 .debug_macro   0x0000000000000000      0x238 Drivers/STM32F4xx_HAL_Driver/Src/stm32f4xx_hal.o
 .debug_macro   0x0000000000000238      0xa66 Drivers/STM32F4xx_HAL_Driver/Src/stm32f4xx_hal.o
 .debug_macro   0x0000000000000c9e      0x190 Drivers/STM32F4xx_HAL_Driver/Src/stm32f4xx_hal.o
 .debug_macro   0x0000000000000e2e       0x32 Drivers/STM32F4xx_HAL_Driver/Src/stm32f4xx_hal.o
 .debug_macro   0x0000000000000e60       0x28 Drivers/STM32F4xx_HAL_Driver/Src/stm32f4xx_hal.o
 .debug_macro   0x0000000000000e88       0x22 Drivers/STM32F4xx_HAL_Driver/Src/stm32f4xx_hal.o
 .debug_macro   0x0000000000000eaa       0x8e Drivers/STM32F4xx_HAL_Driver/Src/stm32f4xx_hal.o
 .debug_macro   0x0000000000000f38       0x51 Drivers/STM32F4xx_HAL_Driver/Src/stm32f4xx_hal.o
 .debug_macro   0x0000000000000f89       0xef Drivers/STM32F4xx_HAL_Driver/Src/stm32f4xx_hal.o
 .debug_macro   0x0000000000001078       0x6a Drivers/STM32F4xx_HAL_Driver/Src/stm32f4xx_hal.o
 .debug_macro   0x00000000000010e2      0x1df Drivers/STM32F4xx_HAL_Driver/Src/stm32f4xx_hal.o
 .debug_macro   0x00000000000012c1       0x1c Drivers/STM32F4xx_HAL_Driver/Src/stm32f4xx_hal.o
 .debug_macro   0x00000000000012dd       0x22 Drivers/STM32F4xx_HAL_Driver/Src/stm32f4xx_hal.o
 .debug_macro   0x00000000000012ff       0xdf Drivers/STM32F4xx_HAL_Driver/Src/stm32f4xx_hal.o
 .debug_macro   0x00000000000013de     0x102d Drivers/STM32F4xx_HAL_Driver/Src/stm32f4xx_hal.o
 .debug_macro   0x000000000000240b      0x11f Drivers/STM32F4xx_HAL_Driver/Src/stm32f4xx_hal.o
 .debug_macro   0x000000000000252a    0x17f81 Drivers/STM32F4xx_HAL_Driver/Src/stm32f4xx_hal.o
 .debug_macro   0x000000000001a4ab       0x43 Drivers/STM32F4xx_HAL_Driver/Src/stm32f4xx_hal.o
 .debug_macro   0x000000000001a4ee     0x3644 Drivers/STM32F4xx_HAL_Driver/Src/stm32f4xx_hal.o
 .debug_macro   0x000000000001db32      0x174 Drivers/STM32F4xx_HAL_Driver/Src/stm32f4xx_hal.o
 .debug_macro   0x000000000001dca6       0x4e Drivers/STM32F4xx_HAL_Driver/Src/stm32f4xx_hal.o
 .debug_macro   0x000000000001dcf4      0xca5 Drivers/STM32F4xx_HAL_Driver/Src/stm32f4xx_hal.o
 .debug_macro   0x000000000001e999      0x9fe Drivers/STM32F4xx_HAL_Driver/Src/stm32f4xx_hal.o
 .debug_macro   0x000000000001f397       0xed Drivers/STM32F4xx_HAL_Driver/Src/stm32f4xx_hal.o
 .debug_macro   0x000000000001f484      0x117 Drivers/STM32F4xx_HAL_Driver/Src/stm32f4xx_hal.o
 .debug_macro   0x000000000001f59b      0x157 Drivers/STM32F4xx_HAL_Driver/Src/stm32f4xx_hal.o
 .debug_macro   0x000000000001f6f2       0x27 Drivers/STM32F4xx_HAL_Driver/Src/stm32f4xx_hal.o
 .debug_macro   0x000000000001f719      0x287 Drivers/STM32F4xx_HAL_Driver/Src/stm32f4xx_hal.o
 .debug_macro   0x000000000001f9a0       0x5f Drivers/STM32F4xx_HAL_Driver/Src/stm32f4xx_hal.o
 .debug_macro   0x000000000001f9ff      0x236 Drivers/STM32F4xx_HAL_Driver/Src/stm32f4xx_hal.o
 .debug_macro   0x000000000001fc35      0x132 Drivers/STM32F4xx_HAL_Driver/Src/stm32f4xx_hal.o
 .debug_macro   0x000000000001fd67      0x41d Drivers/STM32F4xx_HAL_Driver/Src/stm32f4xx_hal.o
 .debug_macro   0x0000000000020184       0x2e Drivers/STM32F4xx_HAL_Driver/Src/stm32f4xx_hal.o
 .debug_macro   0x00000000000201b2      0x11a Drivers/STM32F4xx_HAL_Driver/Src/stm32f4xx_hal.o
 .debug_macro   0x00000000000202cc       0xe2 Drivers/STM32F4xx_HAL_Driver/Src/stm32f4xx_hal.o
 .debug_macro   0x00000000000203ae       0x89 Drivers/STM32F4xx_HAL_Driver/Src/stm32f4xx_hal.o
 .debug_macro   0x0000000000020437      0x225 Drivers/STM32F4xx_HAL_Driver/Src/stm32f4xx_hal.o
 .debug_macro   0x000000000002065c      0x87d Drivers/STM32F4xx_HAL_Driver/Src/stm32f4xx_hal.o
 .debug_macro   0x0000000000020ed9       0x47 Drivers/STM32F4xx_HAL_Driver/Src/stm32f4xx_hal.o
 .debug_macro   0x0000000000020f20      0x287 Drivers/STM32F4xx_HAL_Driver/Src/stm32f4xx_hal.o
 .debug_macro   0x00000000000211a7      0x134 Drivers/STM32F4xx_HAL_Driver/Src/stm32f4xx_hal.o
 .debug_macro   0x00000000000212db      0x1d8 Drivers/STM32F4xx_HAL_Driver/Src/stm32f4xx_hal_cortex.o
 .debug_macro   0x00000000000214b3      0x1de Drivers/STM32F4xx_HAL_Driver/Src/stm32f4xx_hal_dma.o
 .debug_macro   0x0000000000021691      0x20e Drivers/STM32F4xx_HAL_Driver/Src/stm32f4xx_hal_gpio.o
 .debug_macro   0x000000000002189f      0x1fc Drivers/STM32F4xx_HAL_Driver/Src/stm32f4xx_hal_rcc.o
 .debug_macro   0x0000000000021a9b      0x1e7 Drivers/STM32F4xx_HAL_Driver/Src/stm32f4xx_hal_spi.o
 .debug_macro   0x0000000000021c82      0x1d9 Drivers/STM32F4xx_HAL_Driver/Src/stm32f4xx_hal_tim.o
 .debug_macro   0x0000000000021e5b      0x1d8 Drivers/STM32F4xx_HAL_Driver/Src/stm32f4xx_hal_tim_ex.o
 .debug_macro   0x0000000000022033      0x1d9 Drivers/STM32F4xx_HAL_Driver/Src/stm32f4xx_hal_uart.o
 .debug_macro   0x000000000002220c      0x1ac Src/decadriver/deca_device.o
 .debug_macro   0x00000000000223b8       0x58 Src/decadriver/deca_device.o
 .debug_macro   0x0000000000022410       0x18 Src/decadriver/deca_device.o
 .debug_macro   0x0000000000022428       0x94 Src/decadriver/deca_device.o
 .debug_macro   0x00000000000224bc       0x35 Src/decadriver/deca_device.o
 .debug_macro   0x00000000000224f1       0x34 Src/decadriver/deca_device.o
 .debug_macro   0x0000000000022525       0x1c Src/decadriver/deca_device.o
 .debug_macro   0x0000000000022541       0x16 Src/decadriver/deca_device.o
 .debug_macro   0x0000000000022557      0x10e Src/decadriver/deca_device.o
 .debug_macro   0x0000000000022665       0x8d Src/decadriver/deca_device.o
 .debug_macro   0x00000000000226f2       0x57 Src/decadriver/deca_device.o
 .debug_macro   0x0000000000022749       0x58 Src/decadriver/deca_device.o
 .debug_macro   0x00000000000227a1       0x1f Src/decadriver/deca_device.o
 .debug_macro   0x00000000000227c0       0x43 Src/decadriver/deca_device.o
 .debug_macro   0x0000000000022803       0x20 Src/decadriver/deca_device.o
 .debug_macro   0x0000000000022823      0x18e Src/decadriver/deca_device.o
 .debug_macro   0x00000000000229b1      0x330 Src/decadriver/deca_device.o
 .debug_macro   0x0000000000022ce1       0x16 Src/decadriver/deca_device.o
 .debug_macro   0x0000000000022cf7       0x29 Src/decadriver/deca_device.o
 .debug_macro   0x0000000000022d20       0x2e Src/decadriver/deca_device.o
 .debug_macro   0x0000000000022d4e       0x94 Src/decadriver/deca_device.o
 .debug_macro   0x0000000000022de2       0x16 Src/decadriver/deca_device.o
 .debug_macro   0x0000000000022df8     0x1863 Src/decadriver/deca_device.o
 .debug_macro   0x000000000002465b      0x2d2 Src/decadriver/deca_device.o
 .debug_macro   0x000000000002492d      0x2db Src/decadriver/deca_params_init.o
 .debug_macro   0x0000000000024c08       0x5e Src/decadriver/deca_params_init.o
 .debug_macro   0x0000000000024c66       0x35 Src/decadriver/deca_params_init.o
 .debug_macro   0x0000000000024c9b      0x32a Src/decadriver/deca_params_init.o
 .debug_macro   0x0000000000024fc5      0x2f6 Src/decadriver/deca_params_init.o
 .debug_macro   0x00000000000252bb       0x8e Src/decadriver/deca_params_init.o
 .debug_macro   0x0000000000025349      0x36a Src/examples/ex_01a_simple_tx/ex_01a_main.o
 .debug_macro   0x00000000000256b3       0x10 Src/examples/ex_01a_simple_tx/ex_01a_main.o
 .debug_macro   0x00000000000256c3       0x10 Src/examples/ex_01a_simple_tx/ex_01a_main.o
 .debug_macro   0x00000000000256d3       0x20 Src/examples/ex_01a_simple_tx/ex_01a_main.o
 .debug_macro   0x00000000000256f3       0xd9 Src/examples/ex_01a_simple_tx/ex_01a_main.o
 .debug_macro   0x00000000000257cc      0x1e1 Src/examples/ex_01a_simple_tx/ex_01a_main.o
 .debug_macro   0x00000000000259ad       0x22 Src/examples/ex_01a_simple_tx/ex_01a_main.o
 .debug_macro   0x00000000000259cf       0x1c Src/examples/ex_01a_simple_tx/ex_01a_main.o
 .debug_macro   0x00000000000259eb       0xe6 Src/examples/ex_01a_simple_tx/ex_01a_main.o
 .debug_macro   0x0000000000025ad1      0x32d Src/main.o
 .debug_macro   0x0000000000025dfe      0x1c9 Src/main.o
 .debug_macro   0x0000000000025fc7      0x1e7 Src/stm32f4xx_hal_msp.o
 .debug_macro   0x00000000000261ae      0x1d8 Src/stm32f4xx_hal_timebase_tim.o
 .debug_macro   0x0000000000026386      0x1f1 Src/stm32f4xx_it.o
 .debug_macro   0x0000000000026577      0x1de Src/system_stm32f4xx.o
 .debug_macro   0x0000000000026755      0x327 Src/platform/deca_mutex.o
 .debug_macro   0x0000000000026a7c      0x331 Src/platform/deca_sleep.o
 .debug_macro   0x0000000000026dad      0x34d Src/platform/deca_spi.o
 .debug_macro   0x00000000000270fa       0x34 Src/platform/deca_spi.o
 .debug_macro   0x000000000002712e      0x1cf Src/platform/deca_spi.o
 .debug_macro   0x00000000000272fd      0x3c1 Src/platform/port.o
 .debug_macro   0x00000000000276be      0x2ac Src/platform/stdio.o

.debug_line     0x0000000000000000     0xf842
 .debug_line    0x0000000000000000      0x8f4 Drivers/STM32F4xx_HAL_Driver/Src/stm32f4xx_hal.o
 .debug_line    0x00000000000008f4      0x95e Drivers/STM32F4xx_HAL_Driver/Src/stm32f4xx_hal_cortex.o
 .debug_line    0x0000000000001252      0xb48 Drivers/STM32F4xx_HAL_Driver/Src/stm32f4xx_hal_dma.o
 .debug_line    0x0000000000001d9a      0x8e5 Drivers/STM32F4xx_HAL_Driver/Src/stm32f4xx_hal_gpio.o
 .debug_line    0x000000000000267f      0x9e9 Drivers/STM32F4xx_HAL_Driver/Src/stm32f4xx_hal_rcc.o
 .debug_line    0x0000000000003068     0x126d Drivers/STM32F4xx_HAL_Driver/Src/stm32f4xx_hal_spi.o
 .debug_line    0x00000000000042d5     0x1a77 Drivers/STM32F4xx_HAL_Driver/Src/stm32f4xx_hal_tim.o
 .debug_line    0x0000000000005d4c      0xc81 Drivers/STM32F4xx_HAL_Driver/Src/stm32f4xx_hal_tim_ex.o
 .debug_line    0x00000000000069cd     0x121c Drivers/STM32F4xx_HAL_Driver/Src/stm32f4xx_hal_uart.o
 .debug_line    0x0000000000007be9     0x1a1e Src/decadriver/deca_device.o
 .debug_line    0x0000000000009607      0x7bd Src/decadriver/deca_params_init.o
 .debug_line    0x0000000000009dc4      0x874 Src/examples/ex_01a_simple_tx/ex_01a_main.o
 .debug_line    0x000000000000a638      0x93d Src/main.o
 .debug_line    0x000000000000af75      0x7db Src/stm32f4xx_hal_msp.o
 .debug_line    0x000000000000b750      0x717 Src/stm32f4xx_hal_timebase_tim.o
 .debug_line    0x000000000000be67      0x760 Src/stm32f4xx_it.o
 .debug_line    0x000000000000c5c7      0x707 Src/system_stm32f4xx.o
 .debug_line    0x000000000000ccce      0x813 Src/platform/deca_mutex.o
 .debug_line    0x000000000000d4e1      0x808 Src/platform/deca_sleep.o
 .debug_line    0x000000000000dce9      0x883 Src/platform/deca_spi.o
 .debug_line    0x000000000000e56c      0xad2 Src/platform/port.o
 .debug_line    0x000000000000f03e      0x785 Src/platform/stdio.o
 .debug_line    0x000000000000f7c3       0x7f startup/startup_stm32f429xx.o

.debug_str      0x0000000000000000    0xe18dd
 .debug_str     0x0000000000000000    0xd2153 Drivers/STM32F4xx_HAL_Driver/Src/stm32f4xx_hal.o
                                      0xd24e4 (size before relaxing)
 .debug_str     0x00000000000d2153      0x3a1 Drivers/STM32F4xx_HAL_Driver/Src/stm32f4xx_hal_cortex.o
                                      0xd21cc (size before relaxing)
 .debug_str     0x00000000000d24f4      0x529 Drivers/STM32F4xx_HAL_Driver/Src/stm32f4xx_hal_dma.o
                                      0xd1ccd (size before relaxing)
 .debug_str     0x00000000000d2a1d      0x28d Drivers/STM32F4xx_HAL_Driver/Src/stm32f4xx_hal_gpio.o
                                      0xd1afe (size before relaxing)
 .debug_str     0x00000000000d2caa      0x384 Drivers/STM32F4xx_HAL_Driver/Src/stm32f4xx_hal_rcc.o
                                      0xd1cc8 (size before relaxing)
 .debug_str     0x00000000000d302e      0x73d Drivers/STM32F4xx_HAL_Driver/Src/stm32f4xx_hal_spi.o
                                      0xd2156 (size before relaxing)
 .debug_str     0x00000000000d376b      0xf2f Drivers/STM32F4xx_HAL_Driver/Src/stm32f4xx_hal_tim.o
                                      0xd2a0b (size before relaxing)
 .debug_str     0x00000000000d469a      0x4d4 Drivers/STM32F4xx_HAL_Driver/Src/stm32f4xx_hal_tim_ex.o
                                      0xd2223 (size before relaxing)
 .debug_str     0x00000000000d4b6e      0x677 Drivers/STM32F4xx_HAL_Driver/Src/stm32f4xx_hal_uart.o
                                      0xd2156 (size before relaxing)
 .debug_str     0x00000000000d51e5     0x9edd Src/decadriver/deca_device.o
                                       0xd5a3 (size before relaxing)
 .debug_str     0x00000000000df0c2       0x35 Src/decadriver/deca_params_init.o
                                      0xda7d6 (size before relaxing)
 .debug_str     0x00000000000df0f7     0x1013 Src/examples/ex_01a_simple_tx/ex_01a_main.o
                                      0xdb6dc (size before relaxing)
 .debug_str     0x00000000000e010a      0x7c2 Src/main.o
                                      0xd6d92 (size before relaxing)
 .debug_str     0x00000000000e08cc       0x25 Src/stm32f4xx_hal_msp.o
                                      0xd2d41 (size before relaxing)
 .debug_str     0x00000000000e08f1       0x50 Src/stm32f4xx_hal_timebase_tim.o
                                      0xd2310 (size before relaxing)
 .debug_str     0x00000000000e0941      0x106 Src/stm32f4xx_it.o
                                      0xd251f (size before relaxing)
 .debug_str     0x00000000000e0a47       0x5a Src/system_stm32f4xx.o
                                      0xd18ba (size before relaxing)
 .debug_str     0x00000000000e0aa1       0x5a Src/platform/deca_mutex.o
                                      0xd5db7 (size before relaxing)
 .debug_str     0x00000000000e0afb       0x30 Src/platform/deca_sleep.o
                                      0xd5d75 (size before relaxing)
 .debug_str     0x00000000000e0b2b       0x72 Src/platform/deca_spi.o
                                      0xd69e8 (size before relaxing)
 .debug_str     0x00000000000e0b9d      0xcf2 Src/platform/port.o
                                      0xd7d33 (size before relaxing)
 .debug_str     0x00000000000e188f       0x1f Src/platform/stdio.o
                                      0xd4e29 (size before relaxing)
 .debug_str     0x00000000000e18ae       0x2f startup/startup_stm32f429xx.o
                                         0x89 (size before relaxing)

.comment        0x0000000000000000       0x7b
 .comment       0x0000000000000000       0x7b Drivers/STM32F4xx_HAL_Driver/Src/stm32f4xx_hal.o
                                         0x7c (size before relaxing)
 .comment       0x000000000000007b       0x7c Drivers/STM32F4xx_HAL_Driver/Src/stm32f4xx_hal_cortex.o
 .comment       0x000000000000007b       0x7c Drivers/STM32F4xx_HAL_Driver/Src/stm32f4xx_hal_dma.o
 .comment       0x000000000000007b       0x7c Drivers/STM32F4xx_HAL_Driver/Src/stm32f4xx_hal_gpio.o
 .comment       0x000000000000007b       0x7c Drivers/STM32F4xx_HAL_Driver/Src/stm32f4xx_hal_rcc.o
 .comment       0x000000000000007b       0x7c Drivers/STM32F4xx_HAL_Driver/Src/stm32f4xx_hal_spi.o
 .comment       0x000000000000007b       0x7c Drivers/STM32F4xx_HAL_Driver/Src/stm32f4xx_hal_tim.o
 .comment       0x000000000000007b       0x7c Drivers/STM32F4xx_HAL_Driver/Src/stm32f4xx_hal_tim_ex.o
 .comment       0x000000000000007b       0x7c Drivers/STM32F4xx_HAL_Driver/Src/stm32f4xx_hal_uart.o
 .comment       0x000000000000007b       0x7c Src/decadriver/deca_device.o
 .comment       0x000000000000007b       0x7c Src/decadriver/deca_params_init.o
 .comment       0x000000000000007b       0x7c Src/examples/ex_01a_simple_tx/ex_01a_main.o
 .comment       0x000000000000007b       0x7c Src/main.o
 .comment       0x000000000000007b       0x7c Src/stm32f4xx_hal_msp.o
 .comment       0x000000000000007b       0x7c Src/stm32f4xx_hal_timebase_tim.o
 .comment       0x000000000000007b       0x7c Src/stm32f4xx_it.o
 .comment       0x000000000000007b       0x7c Src/system_stm32f4xx.o
 .comment       0x000000000000007b       0x7c Src/platform/deca_mutex.o
 .comment       0x000000000000007b       0x7c Src/platform/deca_sleep.o
 .comment       0x000000000000007b       0x7c Src/platform/deca_spi.o
 .comment       0x000000000000007b       0x7c Src/platform/port.o
 .comment       0x000000000000007b       0x7c Src/platform/stdio.o

.debug_frame    0x0000000000000000     0x36e4
 .debug_frame   0x0000000000000000      0x210 Drivers/STM32F4xx_HAL_Driver/Src/stm32f4xx_hal.o
 .debug_frame   0x0000000000000210      0x178 Drivers/STM32F4xx_HAL_Driver/Src/stm32f4xx_hal_cortex.o
 .debug_frame   0x0000000000000388      0x1bc Drivers/STM32F4xx_HAL_Driver/Src/stm32f4xx_hal_dma.o
 .debug_frame   0x0000000000000544       0xd8 Drivers/STM32F4xx_HAL_Driver/Src/stm32f4xx_hal_gpio.o
 .debug_frame   0x000000000000061c      0x174 Drivers/STM32F4xx_HAL_Driver/Src/stm32f4xx_hal_rcc.o
 .debug_frame   0x0000000000000790      0x630 Drivers/STM32F4xx_HAL_Driver/Src/stm32f4xx_hal_spi.o
 .debug_frame   0x0000000000000dc0      0xa28 Drivers/STM32F4xx_HAL_Driver/Src/stm32f4xx_hal_tim.o
 .debug_frame   0x00000000000017e8      0x33c Drivers/STM32F4xx_HAL_Driver/Src/stm32f4xx_hal_tim_ex.o
 .debug_frame   0x0000000000001b24      0x560 Drivers/STM32F4xx_HAL_Driver/Src/stm32f4xx_hal_uart.o
 .debug_frame   0x0000000000002084      0xcfc Src/decadriver/deca_device.o
 .debug_frame   0x0000000000002d80       0x28 Src/examples/ex_01a_simple_tx/ex_01a_main.o
 .debug_frame   0x0000000000002da8       0x74 Src/main.o
 .debug_frame   0x0000000000002e1c      0x10c Src/stm32f4xx_hal_msp.o
 .debug_frame   0x0000000000002f28       0x58 Src/stm32f4xx_hal_timebase_tim.o
 .debug_frame   0x0000000000002f80       0xec Src/stm32f4xx_it.o
 .debug_frame   0x000000000000306c       0x3c Src/system_stm32f4xx.o
 .debug_frame   0x00000000000030a8       0x3c Src/platform/deca_mutex.o
 .debug_frame   0x00000000000030e4       0x20 Src/platform/deca_sleep.o
 .debug_frame   0x0000000000003104       0x78 Src/platform/deca_spi.o
 .debug_frame   0x000000000000317c      0x2ec Src/platform/port.o
 .debug_frame   0x0000000000003468       0x3c Src/platform/stdio.o
 .debug_frame   0x00000000000034a4       0x2c c:/st/stm32cubeide_1.3.0/stm32cubeide/plugins/com.st.stm32cube.ide.mcu.externaltools.gnu-tools-for-stm32.7-2018-q2-update.win32_1.0.0.201904181610/tools/bin/../lib/gcc/arm-none-eabi/7.3.1/../../../../arm-none-eabi/lib/thumb/v7e-m/fpv4-sp/hard\libc.a(lib_a-init.o)
 .debug_frame   0x00000000000034d0       0x20 c:/st/stm32cubeide_1.3.0/stm32cubeide/plugins/com.st.stm32cube.ide.mcu.externaltools.gnu-tools-for-stm32.7-2018-q2-update.win32_1.0.0.201904181610/tools/bin/../lib/gcc/arm-none-eabi/7.3.1/../../../../arm-none-eabi/lib/thumb/v7e-m/fpv4-sp/hard\libc.a(lib_a-memset.o)
 .debug_frame   0x00000000000034f0       0x58 c:/st/stm32cubeide_1.3.0/stm32cubeide/plugins/com.st.stm32cube.ide.mcu.externaltools.gnu-tools-for-stm32.7-2018-q2-update.win32_1.0.0.201904181610/tools/bin/../lib/gcc/arm-none-eabi/7.3.1/../../../../arm-none-eabi/lib/thumb/v7e-m/fpv4-sp/hard\libc.a(lib_a-__call_atexit.o)
 .debug_frame   0x0000000000003548       0x20 c:/st/stm32cubeide_1.3.0/stm32cubeide/plugins/com.st.stm32cube.ide.mcu.externaltools.gnu-tools-for-stm32.7-2018-q2-update.win32_1.0.0.201904181610/tools/bin/../lib/gcc/arm-none-eabi/7.3.1/../../../../arm-none-eabi/lib/thumb/v7e-m/fpv4-sp/hard\libc.a(lib_a-atexit.o)
 .debug_frame   0x0000000000003568       0x38 c:/st/stm32cubeide_1.3.0/stm32cubeide/plugins/com.st.stm32cube.ide.mcu.externaltools.gnu-tools-for-stm32.7-2018-q2-update.win32_1.0.0.201904181610/tools/bin/../lib/gcc/arm-none-eabi/7.3.1/../../../../arm-none-eabi/lib/thumb/v7e-m/fpv4-sp/hard\libc.a(lib_a-fini.o)
 .debug_frame   0x00000000000035a0       0xb0 c:/st/stm32cubeide_1.3.0/stm32cubeide/plugins/com.st.stm32cube.ide.mcu.externaltools.gnu-tools-for-stm32.7-2018-q2-update.win32_1.0.0.201904181610/tools/bin/../lib/gcc/arm-none-eabi/7.3.1/../../../../arm-none-eabi/lib/thumb/v7e-m/fpv4-sp/hard\libc.a(lib_a-lock.o)
 .debug_frame   0x0000000000003650       0x34 c:/st/stm32cubeide_1.3.0/stm32cubeide/plugins/com.st.stm32cube.ide.mcu.externaltools.gnu-tools-for-stm32.7-2018-q2-update.win32_1.0.0.201904181610/tools/bin/../lib/gcc/arm-none-eabi/7.3.1/../../../../arm-none-eabi/lib/thumb/v7e-m/fpv4-sp/hard\libc.a(lib_a-__atexit.o)
 .debug_frame   0x0000000000003684       0x2c c:/st/stm32cubeide_1.3.0/stm32cubeide/plugins/com.st.stm32cube.ide.mcu.externaltools.gnu-tools-for-stm32.7-2018-q2-update.win32_1.0.0.201904181610/tools/bin/../lib/gcc/arm-none-eabi/7.3.1/thumb/v7e-m/fpv4-sp/hard\libgcc.a(_aeabi_uldivmod.o)
 .debug_frame   0x00000000000036b0       0x34 c:/st/stm32cubeide_1.3.0/stm32cubeide/plugins/com.st.stm32cube.ide.mcu.externaltools.gnu-tools-for-stm32.7-2018-q2-update.win32_1.0.0.201904181610/tools/bin/../lib/gcc/arm-none-eabi/7.3.1/thumb/v7e-m/fpv4-sp/hard\libgcc.a(_udivmoddi4.o)
